Archive member included to satisfy reference by file (symbol)

D:/Program Files (x86)/STM32CubeIDE_1.13.2/STM32CubeIDE/plugins/com.st.stm32cube.ide.mcu.externaltools.gnu-tools-for-stm32.13.3.rel1.win32_1.0.0.202411081344/tools/bin/../lib/gcc/arm-none-eabi/13.3.1/../../../../arm-none-eabi/lib/thumb/v6-m/nofp\libc_nano.a(libc_a-exit.o)
                              D:/Program Files (x86)/STM32CubeIDE_1.13.2/STM32CubeIDE/plugins/com.st.stm32cube.ide.mcu.externaltools.gnu-tools-for-stm32.13.3.rel1.win32_1.0.0.202411081344/tools/bin/../lib/gcc/arm-none-eabi/13.3.1/../../../../arm-none-eabi/lib/thumb/v6-m/nofp/crt0.o (exit)
D:/Program Files (x86)/STM32CubeIDE_1.13.2/STM32CubeIDE/plugins/com.st.stm32cube.ide.mcu.externaltools.gnu-tools-for-stm32.13.3.rel1.win32_1.0.0.202411081344/tools/bin/../lib/gcc/arm-none-eabi/13.3.1/../../../../arm-none-eabi/lib/thumb/v6-m/nofp\libc_nano.a(libc_a-nano-vfprintf_float.o)
                              (_printf_float)
D:/Program Files (x86)/STM32CubeIDE_1.13.2/STM32CubeIDE/plugins/com.st.stm32cube.ide.mcu.externaltools.gnu-tools-for-stm32.13.3.rel1.win32_1.0.0.202411081344/tools/bin/../lib/gcc/arm-none-eabi/13.3.1/../../../../arm-none-eabi/lib/thumb/v6-m/nofp\libc_nano.a(libc_a-nano-vfprintf_i.o)
                              D:/Program Files (x86)/STM32CubeIDE_1.13.2/STM32CubeIDE/plugins/com.st.stm32cube.ide.mcu.externaltools.gnu-tools-for-stm32.13.3.rel1.win32_1.0.0.202411081344/tools/bin/../lib/gcc/arm-none-eabi/13.3.1/../../../../arm-none-eabi/lib/thumb/v6-m/nofp\libc_nano.a(libc_a-nano-vfprintf_float.o) (_printf_common)
D:/Program Files (x86)/STM32CubeIDE_1.13.2/STM32CubeIDE/plugins/com.st.stm32cube.ide.mcu.externaltools.gnu-tools-for-stm32.13.3.rel1.win32_1.0.0.202411081344/tools/bin/../lib/gcc/arm-none-eabi/13.3.1/../../../../arm-none-eabi/lib/thumb/v6-m/nofp\libc_nano.a(libc_a-nano-vfscanf_float.o)
                              (_scanf_float)
D:/Program Files (x86)/STM32CubeIDE_1.13.2/STM32CubeIDE/plugins/com.st.stm32cube.ide.mcu.externaltools.gnu-tools-for-stm32.13.3.rel1.win32_1.0.0.202411081344/tools/bin/../lib/gcc/arm-none-eabi/13.3.1/../../../../arm-none-eabi/lib/thumb/v6-m/nofp\libc_nano.a(libc_a-findfp.o)
                              ./Middlewares/Third_Party/FreeRTOS/Source/tasks.o (__sf)
D:/Program Files (x86)/STM32CubeIDE_1.13.2/STM32CubeIDE/plugins/com.st.stm32cube.ide.mcu.externaltools.gnu-tools-for-stm32.13.3.rel1.win32_1.0.0.202411081344/tools/bin/../lib/gcc/arm-none-eabi/13.3.1/../../../../arm-none-eabi/lib/thumb/v6-m/nofp\libc_nano.a(libc_a-fwalk.o)
                              D:/Program Files (x86)/STM32CubeIDE_1.13.2/STM32CubeIDE/plugins/com.st.stm32cube.ide.mcu.externaltools.gnu-tools-for-stm32.13.3.rel1.win32_1.0.0.202411081344/tools/bin/../lib/gcc/arm-none-eabi/13.3.1/../../../../arm-none-eabi/lib/thumb/v6-m/nofp\libc_nano.a(libc_a-findfp.o) (_fwalk_sglue)
D:/Program Files (x86)/STM32CubeIDE_1.13.2/STM32CubeIDE/plugins/com.st.stm32cube.ide.mcu.externaltools.gnu-tools-for-stm32.13.3.rel1.win32_1.0.0.202411081344/tools/bin/../lib/gcc/arm-none-eabi/13.3.1/../../../../arm-none-eabi/lib/thumb/v6-m/nofp\libc_nano.a(libc_a-snprintf.o)
                              ./Core/Src/app_freertos.o (snprintf)
D:/Program Files (x86)/STM32CubeIDE_1.13.2/STM32CubeIDE/plugins/com.st.stm32cube.ide.mcu.externaltools.gnu-tools-for-stm32.13.3.rel1.win32_1.0.0.202411081344/tools/bin/../lib/gcc/arm-none-eabi/13.3.1/../../../../arm-none-eabi/lib/thumb/v6-m/nofp\libc_nano.a(libc_a-sprintf.o)
                              D:/Program Files (x86)/STM32CubeIDE_1.13.2/STM32CubeIDE/plugins/com.st.stm32cube.ide.mcu.externaltools.gnu-tools-for-stm32.13.3.rel1.win32_1.0.0.202411081344/tools/bin/../lib/gcc/arm-none-eabi/13.3.1/../../../../arm-none-eabi/lib/thumb/v6-m/nofp\libc_nano.a(libc_a-nano-vfscanf_float.o) (sprintf)
D:/Program Files (x86)/STM32CubeIDE_1.13.2/STM32CubeIDE/plugins/com.st.stm32cube.ide.mcu.externaltools.gnu-tools-for-stm32.13.3.rel1.win32_1.0.0.202411081344/tools/bin/../lib/gcc/arm-none-eabi/13.3.1/../../../../arm-none-eabi/lib/thumb/v6-m/nofp\libc_nano.a(libc_a-stdio.o)
                              D:/Program Files (x86)/STM32CubeIDE_1.13.2/STM32CubeIDE/plugins/com.st.stm32cube.ide.mcu.externaltools.gnu-tools-for-stm32.13.3.rel1.win32_1.0.0.202411081344/tools/bin/../lib/gcc/arm-none-eabi/13.3.1/../../../../arm-none-eabi/lib/thumb/v6-m/nofp\libc_nano.a(libc_a-findfp.o) (__sread)
D:/Program Files (x86)/STM32CubeIDE_1.13.2/STM32CubeIDE/plugins/com.st.stm32cube.ide.mcu.externaltools.gnu-tools-for-stm32.13.3.rel1.win32_1.0.0.202411081344/tools/bin/../lib/gcc/arm-none-eabi/13.3.1/../../../../arm-none-eabi/lib/thumb/v6-m/nofp\libc_nano.a(libc_a-memset.o)
                              D:/Program Files (x86)/STM32CubeIDE_1.13.2/STM32CubeIDE/plugins/com.st.stm32cube.ide.mcu.externaltools.gnu-tools-for-stm32.13.3.rel1.win32_1.0.0.202411081344/tools/bin/../lib/gcc/arm-none-eabi/13.3.1/../../../../arm-none-eabi/lib/thumb/v6-m/nofp/crt0.o (memset)
[...]
Memory Configuration

Name             Origin             Length             Attributes
RAM              0x20000000         0x00009000         xrw
FLASH            0x08000000         0x00020000         xr
*default*        0x00000000         0xffffffff

Linker script and memory map

LOAD D:/Program Files (x86)/STM32CubeIDE_1.13.2/STM32CubeIDE/plugins/com.st.stm32cube.ide.mcu.externaltools.gnu-tools-for-stm32.13.3.rel1.win32_1.0.0.202411081344/tools/bin/../lib/gcc/arm-none-eabi/13.3.1/thumb/v6-m/nofp/crti.o
LOAD D:/Program Files (x86)/STM32CubeIDE_1.13.2/STM32CubeIDE/plugins/com.st.stm32cube.ide.mcu.externaltools.gnu-tools-for-stm32.13.3.rel1.win32_1.0.0.202411081344/tools/bin/../lib/gcc/arm-none-eabi/13.3.1/thumb/v6-m/nofp/crtbegin.o
LOAD D:/Program Files (x86)/STM32CubeIDE_1.13.2/STM32CubeIDE/plugins/com.st.stm32cube.ide.mcu.externaltools.gnu-tools-for-stm32.13.3.rel1.win32_1.0.0.202411081344/tools/bin/../lib/gcc/arm-none-eabi/13.3.1/../../../../arm-none-eabi/lib/thumb/v6-m/nofp/crt0.o
LOAD ./Core/Src/app_freertos.o
LOAD ./Core/Src/bsp_AT24C02.o
LOAD ./Core/Src/bsp_IIC.o
LOAD ./Core/Src/bsp_autotune.o
LOAD ./Core/Src/bsp_hlw8032.o
LOAD ./Core/Src/bsp_io.o
LOAD ./Core/Src/bsp_max31855_driver.o
LOAD ./Core/Src/bsp_pid.o
LOAD ./Core/Src/bsp_tm1652.o
LOAD ./Core/Src/gpio.o
LOAD ./Core/Src/main.o
LOAD ./Core/Src/stm32g0xx_hal_msp.o
LOAD ./Core/Src/stm32g0xx_hal_timebase_tim.o
LOAD ./Core/Src/stm32g0xx_it.o
LOAD ./Core/Src/syscalls.o
LOAD ./Core/Src/sysmem.o
LOAD ./Core/Src/system_stm32g0xx.o
LOAD ./Core/Src/tim.o
LOAD ./Core/Src/usart.o
LOAD ./Core/Startup/startup_stm32g070cbtx.o
LOAD ./Drivers/STM32G0xx_HAL_Driver/Src/stm32g0xx_hal.o
LOAD ./Drivers/STM32G0xx_HAL_Driver/Src/stm32g0xx_hal_cortex.o
LOAD ./Drivers/STM32G0xx_HAL_Driver/Src/stm32g0xx_hal_dma.o
LOAD ./Drivers/STM32G0xx_HAL_Driver/Src/stm32g0xx_hal_dma_ex.o
LOAD ./Drivers/STM32G0xx_HAL_Driver/Src/stm32g0xx_hal_exti.o
LOAD ./Drivers/STM32G0xx_HAL_Driver/Src/stm32g0xx_hal_flash.o
LOAD ./Drivers/STM32G0xx_HAL_Driver/Src/stm32g0xx_hal_flash_ex.o
LOAD ./Drivers/STM32G0xx_HAL_Driver/Src/stm32g0xx_hal_gpio.o
LOAD ./Drivers/STM32G0xx_HAL_Driver/Src/stm32g0xx_hal_pwr.o
LOAD ./Drivers/STM32G0xx_HAL_Driver/Src/stm32g0xx_hal_pwr_ex.o
LOAD ./Drivers/STM32G0xx_HAL_Driver/Src/stm32g0xx_hal_rcc.o
LOAD ./Drivers/STM32G0xx_HAL_Driver/Src/stm32g0xx_hal_rcc_ex.o
LOAD ./Drivers/STM32G0xx_HAL_Driver/Src/stm32g0xx_hal_tim.o
LOAD ./Drivers/STM32G0xx_HAL_Driver/Src/stm32g0xx_hal_tim_ex.o
LOAD ./Drivers/STM32G0xx_HAL_Driver/Src/stm32g0xx_hal_uart.o
LOAD ./Drivers/STM32G0xx_HAL_Driver/Src/stm32g0xx_hal_uart_ex.o
LOAD ./Drivers/STM32G0xx_HAL_Driver/Src/stm32g0xx_ll_rcc.o
LOAD ./Middlewares/Third_Party/FreeRTOS/Source/CMSIS_RTOS_V2/cmsis_os2.o
LOAD ./Middlewares/Third_Party/FreeRTOS/Source/croutine.o
LOAD ./Middlewares/Third_Party/FreeRTOS/Source/event_groups.o
LOAD ./Middlewares/Third_Party/FreeRTOS/Source/list.o
LOAD ./Middlewares/Third_Party/FreeRTOS/Source/queue.o
LOAD ./Middlewares/Third_Party/FreeRTOS/Source/stream_buffer.o
LOAD ./Middlewares/Third_Party/FreeRTOS/Source/tasks.o
LOAD ./Middlewares/Third_Party/FreeRTOS/Source/timers.o
LOAD ./Middlewares/Third_Party/FreeRTOS/Source/portable/GCC/ARM_CM0/port.o
LOAD ./Middlewares/Third_Party/FreeRTOS/Source/portable/MemMang/heap_4.o
START GROUP
LOAD D:/Program Files (x86)/STM32CubeIDE_1.13.2/STM32CubeIDE/plugins/com.st.stm32cube.ide.mcu.externaltools.gnu-tools-for-stm32.13.3.rel1.win32_1.0.0.202411081344/tools/bin/../lib/gcc/arm-none-eabi/13.3.1/../../../../arm-none-eabi/lib/thumb/v6-m/nofp\libc_nano.a
LOAD D:/Program Files (x86)/STM32CubeIDE_1.13.2/STM32CubeIDE/plugins/com.st.stm32cube.ide.mcu.externaltools.gnu-tools-for-stm32.13.3.rel1.win32_1.0.0.202411081344/tools/bin/../lib/gcc/arm-none-eabi/13.3.1/../../../../arm-none-eabi/lib/thumb/v6-m/nofp\libm.a
END GROUP
START GROUP
LOAD D:/Program Files (x86)/STM32CubeIDE_1.13.2/STM32CubeIDE/plugins/com.st.stm32cube.ide.mcu.externaltools.gnu-tools-for-stm32.13.3.rel1.win32_1.0.0.202411081344/tools/bin/../lib/gcc/arm-none-eabi/13.3.1/thumb/v6-m/nofp\libgcc.a
LOAD D:/Program Files (x86)/STM32CubeIDE_1.13.2/STM32CubeIDE/plugins/com.st.stm32cube.ide.mcu.externaltools.gnu-tools-for-stm32.13.3.rel1.win32_1.0.0.202411081344/tools/bin/../lib/gcc/arm-none-eabi/13.3.1/../../../../arm-none-eabi/lib/thumb/v6-m/nofp\libc_nano.a
END GROUP
START GROUP
LOAD D:/Program Files (x86)/STM32CubeIDE_1.13.2/STM32CubeIDE/plugins/com.st.stm32cube.ide.mcu.externaltools.gnu-tools-for-stm32.13.3.rel1.win32_1.0.0.202411081344/tools/bin/../lib/gcc/arm-none-eabi/13.3.1/thumb/v6-m/nofp\libgcc.a
LOAD D:/Program Files (x86)/STM32CubeIDE_1.13.2/STM32CubeIDE/plugins/com.st.stm32cube.ide.mcu.externaltools.gnu-tools-for-stm32.13.3.rel1.win32_1.0.0.202411081344/tools/bin/../lib/gcc/arm-none-eabi/13.3.1/../../../../arm-none-eabi/lib/thumb/v6-m/nofp\libc_nano.a
LOAD D:/Program Files (x86)/STM32CubeIDE_1.13.2/STM32CubeIDE/plugins/com.st.stm32cube.ide.mcu.externaltools.gnu-tools-for-stm32.13.3.rel1.win32_1.0.0.202411081344/tools/bin/../lib/gcc/arm-none-eabi/13.3.1/../../../../arm-none-eabi/lib/thumb/v6-m/nofp\libnosys.a
END GROUP
START GROUP
LOAD D:/Program Files (x86)/STM32CubeIDE_1.13.2/STM32CubeIDE/plugins/com.st.stm32cube.ide.mcu.externaltools.gnu-tools-for-stm32.13.3.rel1.win32_1.0.0.202411081344/tools/bin/../lib/gcc/arm-none-eabi/13.3.1/thumb/v6-m/nofp\libgcc.a
LOAD D:/Program Files (x86)/STM32CubeIDE_1.13.2/STM32CubeIDE/plugins/com.st.stm32cube.ide.mcu.externaltools.gnu-tools-for-stm32.13.3.rel1.win32_1.0.0.202411081344/tools/bin/../lib/gcc/arm-none-eabi/13.3.1/../../../../arm-none-eabi/lib/thumb/v6-m/nofp\libc_nano.a
LOAD D:/Program Files (x86)/STM32CubeIDE_1.13.2/STM32CubeIDE/plugins/com.st.stm32cube.ide.mcu.externaltools.gnu-tools-for-stm32.13.3.rel1.win32_1.0.0.202411081344/tools/bin/../lib/gcc/arm-none-eabi/13.3.1/../../../../arm-none-eabi/lib/thumb/v6-m/nofp\libnosys.a
END GROUP
LOAD D:/Program Files (x86)/STM32CubeIDE_1.13.2/STM32CubeIDE/plugins/com.st.stm32cube.ide.mcu.externaltools.gnu-tools-for-stm32.13.3.rel1.win32_1.0.0.202411081344/tools/bin/../lib/gcc/arm-none-eabi/13.3.1/thumb/v6-m/nofp/crtend.o
LOAD D:/Program Files (x86)/STM32CubeIDE_1.13.2/STM32CubeIDE/plugins/com.st.stm32cube.ide.mcu.externaltools.gnu-tools-for-stm32.13.3.rel1.win32_1.0.0.202411081344/tools/bin/../lib/gcc/arm-none-eabi/13.3.1/thumb/v6-m/nofp/crtn.o
                0x20009000                        _estack = (ORIGIN (RAM) + LENGTH (RAM))
                0x00000200                        _Min_Heap_Size = 0x200
                0x00000400                        _Min_Stack_Size = 0x400

.isr_vector     0x08000000       0xb8
                0x08000000                        . = ALIGN (0x4)
 *(.isr_vector)
 .isr_vector    0x08000000       0xb8 ./Core/Startup/startup_stm32g070cbtx.o
                0x08000000                g_pfnVectors
                0x080000b8                        . = ALIGN (0x4)

.text           0x080000c0    0x118d8
                0x080000c0                        . = ALIGN (0x4)
 *(.text)
 .text          0x080000c0       0x48 D:/Program Files (x86)/STM32CubeIDE_1.13.2/STM32CubeIDE/plugins/com.st.stm32cube.ide.mcu.externaltools.gnu-tools-for-stm32.13.3.rel1.win32_1.0.0.202411081344/tools/bin/../lib/gcc/arm-none-eabi/13.3.1/thumb/v6-m/nofp/crtbegin.o
 .text          0x08000108        0xe D:/Program Files (x86)/STM32CubeIDE_1.13.2/STM32CubeIDE/plugins/com.st.stm32cube.ide.mcu.externaltools.gnu-tools-for-stm32.13.3.rel1.win32_1.0.0.202411081344/tools/bin/../lib/gcc/arm-none-eabi/13.3.1/../../../../arm-none-eabi/lib/thumb/v6-m/nofp\libc_nano.a(libc_a-strlen.o)
                0x08000108                strlen
 *fill*         0x08000116        0x2 
 .text          0x08000118       0x14 D:/Program Files (x86)/STM32CubeIDE_1.13.2/STM32CubeIDE/plugins/com.st.stm32cube.ide.mcu.externaltools.gnu-tools-for-stm32.13.3.rel1.win32_1.0.0.202411081344/tools/bin/../lib/gcc/arm-none-eabi/13.3.1/thumb/v6-m/nofp\libgcc.a(_thumb1_case_uqi.o)
                0x08000118                __gnu_thumb1_case_uqi
 .text          0x0800012c       0x14 D:/Program Files (x86)/STM32CubeIDE_1.13.2/STM32CubeIDE/plugins/com.st.stm32cube.ide.mcu.externaltools.gnu-tools-for-stm32.13.3.rel1.win32_1.0.0.202411081344/tools/bin/../lib/gcc/arm-none-eabi/13.3.1/thumb/v6-m/nofp\libgcc.a(_thumb1_case_shi.o)
                0x0800012c                __gnu_thumb1_case_shi
 .text          0x08000140      0x114 D:/Program Files (x86)/STM32CubeIDE_1.13.2/STM32CubeIDE/plugins/com.st.stm32cube.ide.mcu.externaltools.gnu-tools-for-stm32.13.3.rel1.win32_1.0.0.202411081344/tools/bin/../lib/gcc/arm-none-eabi/13.3.1/thumb/v6-m/nofp\libgcc.a(_udivsi3.o)
                0x08000140                __aeabi_uidiv
                0x08000140                __udivsi3
                0x0800024c                __aeabi_uidivmod
 .text          0x08000254      0x1d4 D:/Program Files (x86)/STM32CubeIDE_1.13.2/STM32CubeIDE/plugins/com.st.stm32cube.ide.mcu.externaltools.gnu-tools-for-stm32.13.3.rel1.win32_1.0.0.202411081344/tools/bin/../lib/gcc/arm-none-eabi/13.3.1/thumb/v6-m/nofp\libgcc.a(_divsi3.o)
                0x08000254                __divsi3
                0x08000254                __aeabi_idiv
                0x08000420                __aeabi_idivmod
 .text          0x08000428        0x4 D:/Program Files (x86)/STM32CubeIDE_1.13.2/STM32CubeIDE/plugins/com.st.stm32cube.ide.mcu.externaltools.gnu-tools-for-stm32.13.3.rel1.win32_1.0.0.202411081344/tools/bin/../lib/gcc/arm-none-eabi/13.3.1/thumb/v6-m/nofp\libgcc.a(_dvmd_tls.o)
                0x08000428                __aeabi_idiv0
                0x08000428                __aeabi_ldiv0
 .text          0x0800042c       0x7c D:/Program Files (x86)/STM32CubeIDE_1.13.2/STM32CubeIDE/plugins/com.st.stm32cube.ide.mcu.externaltools.gnu-tools-for-stm32.13.3.rel1.win32_1.0.0.202411081344/tools/bin/../lib/gcc/arm-none-eabi/13.3.1/thumb/v6-m/nofp\libgcc.a(_arm_cmpdf2.o)
                0x0800042c                __aeabi_cdrcmple
                0x0800043c                __aeabi_cdcmple
                0x0800043c                __aeabi_cdcmpeq
                0x0800044c                __aeabi_dcmpeq
                0x08000458                __aeabi_dcmplt
                0x0800046c                __aeabi_dcmple
                0x08000480                __aeabi_dcmpgt
                0x08000494                __aeabi_dcmpge
 .text          0x080004a8       0x74 D:/Program Files (x86)/STM32CubeIDE_1.13.2/STM32CubeIDE/plugins/com.st.stm32cube.ide.mcu.externaltools.gnu-tools-for-stm32.13.3.rel1.win32_1.0.0.202411081344/tools/bin/../lib/gcc/arm-none-eabi/13.3.1/thumb/v6-m/nofp\libgcc.a(_arm_cmpsf2.o)
                0x080004a8                __aeabi_cfrcmple
                0x080004b0                __aeabi_cfcmpeq
                0x080004b0                __aeabi_cfcmple
                0x080004c0                __aeabi_fcmpeq
                0x080004cc                __aeabi_fcmplt
                0x080004e0                __aeabi_fcmple
                0x080004f4                __aeabi_fcmpgt
                0x08000508                __aeabi_fcmpge
 .text          0x0800051c       0x34 D:/Program Files (x86)/STM32CubeIDE_1.13.2/STM32CubeIDE/plugins/com.st.stm32cube.ide.mcu.externaltools.gnu-tools-for-stm32.13.3.rel1.win32_1.0.0.202411081344/tools/bin/../lib/gcc/arm-none-eabi/13.3.1/thumb/v6-m/nofp\libgcc.a(_popcountsi2.o)
                0x0800051c                __popcountsi2
 .text          0x08000550       0x30 D:/Program Files (x86)/STM32CubeIDE_1.13.2/STM32CubeIDE/plugins/com.st.stm32cube.ide.mcu.externaltools.gnu-tools-for-stm32.13.3.rel1.win32_1.0.0.202411081344/tools/bin/../lib/gcc/arm-none-eabi/13.3.1/thumb/v6-m/nofp\libgcc.a(_fixunssfsi.o)
                0x08000550                __fixunssfsi
                0x08000550                __aeabi_f2uiz
 .text          0x08000580       0x3c D:/Program Files (x86)/STM32CubeIDE_1.13.2/STM32CubeIDE/plugins/com.st.stm32cube.ide.mcu.externaltools.gnu-tools-for-stm32.13.3.rel1.win32_1.0.0.202411081344/tools/bin/../lib/gcc/arm-none-eabi/13.3.1/thumb/v6-m/nofp\libgcc.a(_fixunsdfsi.o)
                0x08000580                __aeabi_d2uiz
                0x08000580                __fixunsdfsi
 .text          0x080005bc       0x38 D:/Program Files (x86)/STM32CubeIDE_1.13.2/STM32CubeIDE/plugins/com.st.stm32cube.ide.mcu.externaltools.gnu-tools-for-stm32.13.3.rel1.win32_1.0.0.202411081344/tools/bin/../lib/gcc/arm-none-eabi/13.3.1/thumb/v6-m/nofp\libgcc.a(_fixdfdi.o)
                0x080005bc                __fixdfdi
                0x080005bc                __aeabi_d2lz
 .text          0x080005f4       0x3c D:/Program Files (x86)/STM32CubeIDE_1.13.2/STM32CubeIDE/plugins/com.st.stm32cube.ide.mcu.externaltools.gnu-tools-for-stm32.13.3.rel1.win32_1.0.0.202411081344/tools/bin/../lib/gcc/arm-none-eabi/13.3.1/thumb/v6-m/nofp\libgcc.a(_fixunsdfdi.o)
                0x080005f4                __fixunsdfdi
                0x080005f4                __aeabi_d2ulz
 .text          0x08000630       0x2c D:/Program Files (x86)/STM32CubeIDE_1.13.2/STM32CubeIDE/plugins/com.st.stm32cube.ide.mcu.externaltools.gnu-tools-for-stm32.13.3.rel1.win32_1.0.0.202411081344/tools/bin/../lib/gcc/arm-none-eabi/13.3.1/thumb/v6-m/nofp\libgcc.a(_floatdidf.o)
                0x08000630                __aeabi_l2d
                0x08000630                __floatdidf
 .text          0x0800065c      0x3e4 D:/Program Files (x86)/STM32CubeIDE_1.13.2/STM32CubeIDE/plugins/com.st.stm32cube.ide.mcu.externaltools.gnu-tools-for-stm32.13.3.rel1.win32_1.0.0.202411081344/tools/bin/../lib/gcc/arm-none-eabi/13.3.1/thumb/v6-m/nofp\libgcc.a(addsf3.o)
                0x0800065c                __aeabi_fadd
 .text          0x08000a40      0x22c D:/Program Files (x86)/STM32CubeIDE_1.13.2/STM32CubeIDE/plugins/com.st.stm32cube.ide.mcu.externaltools.gnu-tools-for-stm32.13.3.rel1.win32_1.0.0.202411081344/tools/bin/../lib/gcc/arm-none-eabi/13.3.1/thumb/v6-m/nofp\libgcc.a(divsf3.o)
                0x08000a40                __aeabi_fdiv
 .text          0x08000c6c       0x50 D:/Program Files (x86)/STM32CubeIDE_1.13.2/STM32CubeIDE/plugins/com.st.stm32cube.ide.mcu.externaltools.gnu-tools-for-stm32.13.3.rel1.win32_1.0.0.202411081344/tools/bin/../lib/gcc/arm-none-eabi/13.3.1/thumb/v6-m/nofp\libgcc.a(eqsf2.o)
                0x08000c6c                __eqsf2
                0x08000c6c                __nesf2
 .text          0x08000cbc       0x90 D:/Program Files (x86)/STM32CubeIDE_1.13.2/STM32CubeIDE/plugins/com.st.stm32cube.ide.mcu.externaltools.gnu-tools-for-stm32.13.3.rel1.win32_1.0.0.202411081344/tools/bin/../lib/gcc/arm-none-eabi/13.3.1/thumb/v6-m/nofp\libgcc.a(gesf2.o)
                0x08000cbc                __gesf2
                0x08000cbc                __gtsf2
 .text          0x08000d4c       0x90 D:/Program Files (x86)/STM32CubeIDE_1.13.2/STM32CubeIDE/plugins/com.st.stm32cube.ide.mcu.externaltools.gnu-tools-for-stm32.13.3.rel1.win32_1.0.0.202411081344/tools/bin/../lib/gcc/arm-none-eabi/13.3.1/thumb/v6-m/nofp\libgcc.a(lesf2.o)
                0x08000d4c                __ltsf2
                0x08000d4c                __lesf2
 .text          0x08000ddc      0x2b4 D:/Program Files (x86)/STM32CubeIDE_1.13.2/STM32CubeIDE/plugins/com.st.stm32cube.ide.mcu.externaltools.gnu-tools-for-stm32.13.3.rel1.win32_1.0.0.202411081344/tools/bin/../lib/gcc/arm-none-eabi/13.3.1/thumb/v6-m/nofp\libgcc.a(mulsf3.o)
                0x08000ddc                __aeabi_fmul
 .text          0x08001090      0x4c8 D:/Program Files (x86)/STM32CubeIDE_1.13.2/STM32CubeIDE/plugins/com.st.stm32cube.ide.mcu.externaltools.gnu-tools-for-stm32.13.3.rel1.win32_1.0.0.202411081344/tools/bin/../lib/gcc/arm-none-eabi/13.3.1/thumb/v6-m/nofp\libgcc.a(subsf3.o)
                0x08001090                __aeabi_fsub
 .text          0x08001558       0x40 D:/Program Files (x86)/STM32CubeIDE_1.13.2/STM32CubeIDE/plugins/com.st.stm32cube.ide.mcu.externaltools.gnu-tools-for-stm32.13.3.rel1.win32_1.0.0.202411081344/tools/bin/../lib/gcc/arm-none-eabi/13.3.1/thumb/v6-m/nofp\libgcc.a(fixsfsi.o)
                0x08001558                __aeabi_f2iz
 .text          0x08001598       0xa0 D:/Program Files (x86)/STM32CubeIDE_1.13.2/STM32CubeIDE/plugins/com.st.stm32cube.ide.mcu.externaltools.gnu-tools-for-stm32.13.3.rel1.win32_1.0.0.202411081344/tools/bin/../lib/gcc/arm-none-eabi/13.3.1/thumb/v6-m/nofp\libgcc.a(floatsisf.o)
                0x08001598                __aeabi_i2f
 .text          0x08001638       0x8c D:/Program Files (x86)/STM32CubeIDE_1.13.2/STM32CubeIDE/plugins/com.st.stm32cube.ide.mcu.externaltools.gnu-tools-for-stm32.13.3.rel1.win32_1.0.0.202411081344/tools/bin/../lib/gcc/arm-none-eabi/13.3.1/thumb/v6-m/nofp\libgcc.a(floatunsisf.o)
                0x08001638                __aeabi_ui2f
 .text          0x080016c4      0x78c D:/Program Files (x86)/STM32CubeIDE_1.13.2/STM32CubeIDE/plugins/com.st.stm32cube.ide.mcu.externaltools.gnu-tools-for-stm32.13.3.rel1.win32_1.0.0.202411081344/tools/bin/../lib/gcc/arm-none-eabi/13.3.1/thumb/v6-m/nofp\libgcc.a(adddf3.o)
                0x080016c4                __aeabi_dadd
 .text          0x08001e50      0x630 D:/Program Files (x86)/STM32CubeIDE_1.13.2/STM32CubeIDE/plugins/com.st.stm32cube.ide.mcu.externaltools.gnu-tools-for-stm32.13.3.rel1.win32_1.0.0.202411081344/tools/bin/../lib/gcc/arm-none-eabi/13.3.1/thumb/v6-m/nofp\libgcc.a(divdf3.o)
                0x08001e50                __aeabi_ddiv
 .text          0x08002480       0x88 D:/Program Files (x86)/STM32CubeIDE_1.13.2/STM32CubeIDE/plugins/com.st.stm32cube.ide.mcu.externaltools.gnu-tools-for-stm32.13.3.rel1.win32_1.0.0.202411081344/tools/bin/../lib/gcc/arm-none-eabi/13.3.1/thumb/v6-m/nofp\libgcc.a(eqdf2.o)
                0x08002480                __nedf2
                0x08002480                __eqdf2
 .text          0x08002508       0xe0 D:/Program Files (x86)/STM32CubeIDE_1.13.2/STM32CubeIDE/plugins/com.st.stm32cube.ide.mcu.externaltools.gnu-tools-for-stm32.13.3.rel1.win32_1.0.0.202411081344/tools/bin/../lib/gcc/arm-none-eabi/13.3.1/thumb/v6-m/nofp\libgcc.a(gedf2.o)
                0x08002508                __gedf2
                0x08002508                __gtdf2
 .text          0x080025e8       0xdc D:/Program Files (x86)/STM32CubeIDE_1.13.2/STM32CubeIDE/plugins/com.st.stm32cube.ide.mcu.externaltools.gnu-tools-for-stm32.13.3.rel1.win32_1.0.0.202411081344/tools/bin/../lib/gcc/arm-none-eabi/13.3.1/thumb/v6-m/nofp\libgcc.a(ledf2.o)
                0x080025e8                __ledf2
                0x080025e8                __ltdf2
 .text          0x080026c4      0x5cc D:/Program Files (x86)/STM32CubeIDE_1.13.2/STM32CubeIDE/plugins/com.st.stm32cube.ide.mcu.externaltools.gnu-tools-for-stm32.13.3.rel1.win32_1.0.0.202411081344/tools/bin/../lib/gcc/arm-none-eabi/13.3.1/thumb/v6-m/nofp\libgcc.a(muldf3.o)
                0x080026c4                __aeabi_dmul
 .text          0x08002c90      0x814 D:/Program Files (x86)/STM32CubeIDE_1.13.2/STM32CubeIDE/plugins/com.st.stm32cube.ide.mcu.externaltools.gnu-tools-for-stm32.13.3.rel1.win32_1.0.0.202411081344/tools/bin/../lib/gcc/arm-none-eabi/13.3.1/thumb/v6-m/nofp\libgcc.a(subdf3.o)
                0x08002c90                __aeabi_dsub
 .text          0x080034a4       0x44 D:/Program Files (x86)/STM32CubeIDE_1.13.2/STM32CubeIDE/plugins/com.st.stm32cube.ide.mcu.externaltools.gnu-tools-for-stm32.13.3.rel1.win32_1.0.0.202411081344/tools/bin/../lib/gcc/arm-none-eabi/13.3.1/thumb/v6-m/nofp\libgcc.a(unorddf2.o)
                0x080034a4                __aeabi_dcmpun
 .text          0x080034e8       0x78 D:/Program Files (x86)/STM32CubeIDE_1.13.2/STM32CubeIDE/plugins/com.st.stm32cube.ide.mcu.externaltools.gnu-tools-for-stm32.13.3.rel1.win32_1.0.0.202411081344/tools/bin/../lib/gcc/arm-none-eabi/13.3.1/thumb/v6-m/nofp\libgcc.a(fixdfsi.o)
                0x080034e8                __aeabi_d2iz
 .text          0x08003560       0x5c D:/Program Files (x86)/STM32CubeIDE_1.13.2/STM32CubeIDE/plugins/com.st.stm32cube.ide.mcu.externaltools.gnu-tools-for-stm32.13.3.rel1.win32_1.0.0.202411081344/tools/bin/../lib/gcc/arm-none-eabi/13.3.1/thumb/v6-m/nofp\libgcc.a(floatsidf.o)
                0x08003560                __aeabi_i2d
 .text          0x080035bc       0x48 D:/Program Files (x86)/STM32CubeIDE_1.13.2/STM32CubeIDE/plugins/com.st.stm32cube.ide.mcu.externaltools.gnu-tools-for-stm32.13.3.rel1.win32_1.0.0.202411081344/tools/bin/../lib/gcc/arm-none-eabi/13.3.1/thumb/v6-m/nofp\libgcc.a(floatunsidf.o)
                0x080035bc                __aeabi_ui2d
 .text          0x08003604       0x90 D:/Program Files (x86)/STM32CubeIDE_1.13.2/STM32CubeIDE/plugins/com.st.stm32cube.ide.mcu.externaltools.gnu-tools-for-stm32.13.3.rel1.win32_1.0.0.202411081344/tools/bin/../lib/gcc/arm-none-eabi/13.3.1/thumb/v6-m/nofp\libgcc.a(extendsfdf2.o)
                0x08003604                __aeabi_f2d
 .text          0x08003694      0x104 D:/Program Files (x86)/STM32CubeIDE_1.13.2/STM32CubeIDE/plugins/com.st.stm32cube.ide.mcu.externaltools.gnu-tools-for-stm32.13.3.rel1.win32_1.0.0.202411081344/tools/bin/../lib/gcc/arm-none-eabi/13.3.1/thumb/v6-m/nofp\libgcc.a(truncdfsf2.o)
                0x08003694                __aeabi_d2f
 .text          0x08003798       0x3c D:/Program Files (x86)/STM32CubeIDE_1.13.2/STM32CubeIDE/plugins/com.st.stm32cube.ide.mcu.externaltools.gnu-tools-for-stm32.13.3.rel1.win32_1.0.0.202411081344/tools/bin/../lib/gcc/arm-none-eabi/13.3.1/thumb/v6-m/nofp\libgcc.a(_clzsi2.o)
                0x08003798                __clzsi2
 *(.text*)
 .text.MX_FREERTOS_Init
                0x080037d4      0x204 ./Core/Src/app_freertos.o
                0x080037d4                MX_FREERTOS_Init
 .text.StartDefaultTask
                0x080039d8       0x10 ./Core/Src/app_freertos.o
                0x080039d8                StartDefaultTask
 .text.Temp_Task
                0x080039e8      0x234 ./Core/Src/app_freertos.o
                0x080039e8                Temp_Task
 .text.Heat_Task
                0x08003c1c      0x4c0 ./Core/Src/app_freertos.o
                0x08003c1c                Heat_Task
 .text.Power_Task
                0x080040dc       0x2c ./Core/Src/app_freertos.o
                0x080040dc                Power_Task
 .text.UI_Task  0x08004108      0x46c ./Core/Src/app_freertos.o
                0x08004108                UI_Task
 .text.Key_Task
                0x08004574      0x4d0 ./Core/Src/app_freertos.o
                0x08004574                Key_Task
 .text.Save_Task
                0x08004a44       0xec ./Core/Src/app_freertos.o
                0x08004a44                Save_Task
 .text.Beep_Task
                0x08004b30       0x3c ./Core/Src/app_freertos.o
                0x08004b30                Beep_Task
 .text.UART_Print_Task
                0x08004b6c       0x40 ./Core/Src/app_freertos.o
                0x08004b6c                UART_Print_Task
 .text.Fault_detector_Task
                0x08004bac      0x24c ./Core/Src/app_freertos.o
                0x08004bac                Fault_detector_Task
 .text.Temp_Filter
                0x08004df8       0xa4 ./Core/Src/app_freertos.o
 .text.Convert_Float_To_Segments_Formatted
                0x08004e9c      0x26c ./Core/Src/app_freertos.o
                0x08004e9c                Convert_Float_To_Segments_Formatted
 .text.FloatToSegments
                0x08005108      0x1e8 ./Core/Src/app_freertos.o
 .text.PID_LoadFromEEPROM
                0x080052f0       0x7c ./Core/Src/app_freertos.o
 .text.set_heater_impl
                0x0800536c       0x3e ./Core/Src/app_freertos.o
                0x0800536c                set_heater_impl
 .text.AT24_WriteByte
                0x080053aa       0x4e ./Core/Src/bsp_AT24C02.o
                0x080053aa                AT24_WriteByte
 .text.AT24_ReadByte
                0x080053f8       0x58 ./Core/Src/bsp_AT24C02.o
                0x080053f8                AT24_ReadByte
 .text.IIC_delay
                0x08005450       0x10 ./Core/Src/bsp_IIC.o
                0x08005450                IIC_delay
 .text.I2C_Start
                0x08005460       0x54 ./Core/Src/bsp_IIC.o
                0x08005460                I2C_Start
 .text.I2C_Stop
                0x080054b4       0x3c ./Core/Src/bsp_IIC.o
                0x080054b4                I2C_Stop
 .text.Send_Byte
                0x080054f0       0xa0 ./Core/Src/bsp_IIC.o
                0x080054f0                Send_Byte
 .text.I2C_WaitAck
                0x08005590       0x78 ./Core/Src/bsp_IIC.o
                0x08005590                I2C_WaitAck
 .text.I2C_ReceiveByte
                0x08005608       0x90 ./Core/Src/bsp_IIC.o
                0x08005608                I2C_ReceiveByte
 .text.I2C_send_ac
                0x08005698       0x84 ./Core/Src/bsp_IIC.o
                0x08005698                I2C_send_ac
 .text.PID_Autotune_Init
                0x0800571c       0x80 ./Core/Src/bsp_autotune.o
                0x0800571c                PID_Autotune_Init
 .text.PID_Autotune_Process
                0x0800579c      0x340 ./Core/Src/bsp_autotune.o
                0x0800579c                PID_Autotune_Process
 .text.Extract_24bit
                0x08005adc       0x3e ./Core/Src/bsp_hlw8032.o
 .text.HLW8032_CheckSum
                0x08005b1a       0x56 ./Core/Src/bsp_hlw8032.o
 .text.HLW8032_Calculate
                0x08005b70      0x112 ./Core/Src/bsp_hlw8032.o
 .text.HLW8032_ExtractAndParse
                0x08005c82       0x8e ./Core/Src/bsp_hlw8032.o
 .text.HLW8032_Init
                0x08005d10       0x48 ./Core/Src/bsp_hlw8032.o
                0x08005d10                HLW8032_Init
 .text.HLW8032_ProcessAndStore
                0x08005d58       0x44 ./Core/Src/bsp_hlw8032.o
                0x08005d58                HLW8032_ProcessAndStore
 .text.HLW8032_GetData
                0x08005d9c       0x28 ./Core/Src/bsp_hlw8032.o
                0x08005d9c                HLW8032_GetData
 .text.getKeyIndex
                0x08005dc4       0x44 ./Core/Src/bsp_io.o
 .text.KEY_Read_State
                0x08005e08      0x158 ./Core/Src/bsp_io.o
                0x08005e08                KEY_Read_State
 .text.KEY_Get_LongPress
                0x08005f60       0x88 ./Core/Src/bsp_io.o
                0x08005f60                KEY_Get_LongPress
 .text.KEY_Reset_LongPress
                0x08005fe8       0x3c ./Core/Src/bsp_io.o
                0x08005fe8                KEY_Reset_LongPress
 .text.Key_Get_ShortPress
                0x08006024       0x5c ./Core/Src/bsp_io.o
                0x08006024                Key_Get_ShortPress
 .text.LED_Red_Set
                0x08006080       0x30 ./Core/Src/bsp_io.o
                0x08006080                LED_Red_Set
 .text.LED_Green_Set
                0x080060b0       0x30 ./Core/Src/bsp_io.o
                0x080060b0                LED_Green_Set
 .text.LED_Green_blink
                0x080060e0       0x1c ./Core/Src/bsp_io.o
                0x080060e0                LED_Green_blink
 .text.Beep_Start
                0x080060fc       0x20 ./Core/Src/bsp_io.o
                0x080060fc                Beep_Start
 .text.Beep_Stop
                0x0800611c       0x1a ./Core/Src/bsp_io.o
                0x0800611c                Beep_Stop
 .text.MAX31855_GetFault
                0x08006136       0x36 ./Core/Src/bsp_max31855_driver.o
                0x08006136                MAX31855_GetFault
 .text.MAX31855_GetTemperature
                0x0800616c       0x34 ./Core/Src/bsp_max31855_driver.o
                0x0800616c                MAX31855_GetTemperature
 .text.MAX31855_ReadData
                0x080061a0      0x17c ./Core/Src/bsp_max31855_driver.o
                0x080061a0                MAX31855_ReadData
 .text.PID_Init
                0x0800631c       0x52 ./Core/Src/bsp_pid.o
                0x0800631c                PID_Init
 *fill*         0x0800636e        0x2 
 .text.PID_Compute
                0x08006370      0x2ec ./Core/Src/bsp_pid.o
                0x08006370                PID_Compute
 .text.TM1652_SendByte
                0x0800665c      0x104 ./Core/Src/bsp_tm1652.o
 .text.TM1652_WriteCommand
                0x08006760       0x40 ./Core/Src/bsp_tm1652.o
                0x08006760                TM1652_WriteCommand
 .text.next_cmd
                0x080067a0       0x48 ./Core/Src/bsp_tm1652.o
                0x080067a0                next_cmd
 .text.TM1652_SetControl
                0x080067e8       0x4a ./Core/Src/bsp_tm1652.o
                0x080067e8                TM1652_SetControl
 .text.TM1652_SetSegments
                0x08006832       0x5c ./Core/Src/bsp_tm1652.o
                0x08006832                TM1652_SetSegments
 *fill*         0x0800688e        0x2 
 .text.MX_GPIO_Init
                0x08006890      0x1a4 ./Core/Src/gpio.o
                0x08006890                MX_GPIO_Init
 .text.main     0x08006a34       0x60 ./Core/Src/main.o
                0x08006a34                main
 .text.SystemClock_Config
                0x08006a94       0xb4 ./Core/Src/main.o
                0x08006a94                SystemClock_Config
 .text.delay_us
                0x08006b48       0x40 ./Core/Src/main.o
                0x08006b48                delay_us
 .text.HAL_TIM_PeriodElapsedCallback
                0x08006b88       0x24 ./Core/Src/main.o
                0x08006b88                HAL_TIM_PeriodElapsedCallback
 .text.Error_Handler
                0x08006bac        0xc ./Core/Src/main.o
                0x08006bac                Error_Handler
 .text.HAL_MspInit
                0x08006bb8       0x54 ./Core/Src/stm32g0xx_hal_msp.o
                0x08006bb8                HAL_MspInit
 .text.HAL_InitTick
                0x08006c0c      0x108 ./Core/Src/stm32g0xx_hal_timebase_tim.o
                0x08006c0c                HAL_InitTick
 .text.NMI_Handler
                0x08006d14        0x8 ./Core/Src/stm32g0xx_it.o
                0x08006d14                NMI_Handler
 .text.HardFault_Handler
                0x08006d1c        0x8 ./Core/Src/stm32g0xx_it.o
                0x08006d1c                HardFault_Handler
 .text.TIM6_IRQHandler
                0x08006d24       0x18 ./Core/Src/stm32g0xx_it.o
                0x08006d24                TIM6_IRQHandler
 .text._getpid  0x08006d3c        0xc ./Core/Src/syscalls.o
                0x08006d3c                _getpid
 .text._kill    0x08006d48       0x20 ./Core/Src/syscalls.o
                0x08006d48                _kill
 .text._exit    0x08006d68       0x1a ./Core/Src/syscalls.o
                0x08006d68                _exit
 .text._read    0x08006d82       0x3a ./Core/Src/syscalls.o
                0x08006d82                _read
 .text._write   0x08006dbc       0x38 ./Core/Src/syscalls.o
                0x08006dbc                _write
 .text._close   0x08006df4       0x14 ./Core/Src/syscalls.o
                0x08006df4                _close
 .text._fstat   0x08006e08       0x1c ./Core/Src/syscalls.o
                0x08006e08                _fstat
 .text._isatty  0x08006e24       0x12 ./Core/Src/syscalls.o
                0x08006e24                _isatty
 .text._lseek   0x08006e36       0x16 ./Core/Src/syscalls.o
                0x08006e36                _lseek
 .text._sbrk    0x08006e4c       0x6c ./Core/Src/sysmem.o
                0x08006e4c                _sbrk
 .text.SystemInit
                0x08006eb8        0xa ./Core/Src/system_stm32g0xx.o
                0x08006eb8                SystemInit
 *fill*         0x08006ec2        0x2 
 .text.MX_TIM7_Init
                0x08006ec4       0x78 ./Core/Src/tim.o
                0x08006ec4                MX_TIM7_Init
 .text.HAL_TIM_Base_MspInit
                0x08006f3c       0x3c ./Core/Src/tim.o
                0x08006f3c                HAL_TIM_Base_MspInit
 .text.MX_USART1_UART_Init
                0x08006f78       0x9c ./Core/Src/usart.o
                0x08006f78                MX_USART1_UART_Init
 .text.MX_USART3_UART_Init
                0x08007014       0x78 ./Core/Src/usart.o
                0x08007014                MX_USART3_UART_Init
 .text.HAL_UART_MspInit
                0x0800708c      0x164 ./Core/Src/usart.o
                0x0800708c                HAL_UART_MspInit
 .text.Reset_Handler
                0x080071f0       0x50 ./Core/Startup/startup_stm32g070cbtx.o
                0x080071f0                Reset_Handler
 .text.Default_Handler
                0x08007240        0x2 ./Core/Startup/startup_stm32g070cbtx.o
                0x08007240                TIM1_CC_IRQHandler
                0x08007240                I2C1_IRQHandler
                0x08007240                RTC_TAMP_IRQHandler
                0x08007240                SPI1_IRQHandler
                0x08007240                USART3_4_IRQHandler
                0x08007240                EXTI2_3_IRQHandler
                0x08007240                ADC1_IRQHandler
                0x08007240                I2C2_IRQHandler
                0x08007240                TIM17_IRQHandler
                0x08007240                TIM16_IRQHandler
                0x08007240                TIM3_IRQHandler
                0x08007240                EXTI4_15_IRQHandler
                0x08007240                RCC_IRQHandler
                0x08007240                DMA1_Channel1_IRQHandler
                0x08007240                Default_Handler
                0x08007240                TIM14_IRQHandler
                0x08007240                TIM7_IRQHandler
                0x08007240                TIM15_IRQHandler
                0x08007240                EXTI0_1_IRQHandler
                0x08007240                SPI2_IRQHandler
                0x08007240                WWDG_IRQHandler
                0x08007240                DMA1_Ch4_7_DMAMUX1_OVR_IRQHandler
                0x08007240                DMA1_Channel2_3_IRQHandler
                0x08007240                USART2_IRQHandler
                0x08007240                FLASH_IRQHandler
                0x08007240                USART1_IRQHandler
                0x08007240                TIM1_BRK_UP_TRG_COM_IRQHandler
 *fill*         0x08007242        0x2 
 .text.HAL_Init
                0x08007244       0x40 ./Drivers/STM32G0xx_HAL_Driver/Src/stm32g0xx_hal.o
                0x08007244                HAL_Init
 .text.HAL_IncTick
                0x08007284       0x24 ./Drivers/STM32G0xx_HAL_Driver/Src/stm32g0xx_hal.o
                0x08007284                HAL_IncTick
 .text.HAL_GetTick
                0x080072a8       0x14 ./Drivers/STM32G0xx_HAL_Driver/Src/stm32g0xx_hal.o
                0x080072a8                HAL_GetTick
 .text.HAL_SYSCFG_StrobeDBattpinsConfig
                0x080072bc       0x2c ./Drivers/STM32G0xx_HAL_Driver/Src/stm32g0xx_hal.o
                0x080072bc                HAL_SYSCFG_StrobeDBattpinsConfig
 .text.__NVIC_EnableIRQ
                0x080072e8       0x34 ./Drivers/STM32G0xx_HAL_Driver/Src/stm32g0xx_hal_cortex.o
 .text.__NVIC_SetPriority
                0x0800731c       0xdc ./Drivers/STM32G0xx_HAL_Driver/Src/stm32g0xx_hal_cortex.o
 .text.HAL_NVIC_SetPriority
                0x080073f8       0x2a ./Drivers/STM32G0xx_HAL_Driver/Src/stm32g0xx_hal_cortex.o
                0x080073f8                HAL_NVIC_SetPriority
 .text.HAL_NVIC_EnableIRQ
                0x08007422       0x20 ./Drivers/STM32G0xx_HAL_Driver/Src/stm32g0xx_hal_cortex.o
                0x08007422                HAL_NVIC_EnableIRQ
 *fill*         0x08007442        0x2 
 .text.HAL_GPIO_Init
                0x08007444      0x2c8 ./Drivers/STM32G0xx_HAL_Driver/Src/stm32g0xx_hal_gpio.o
                0x08007444                HAL_GPIO_Init
 .text.HAL_GPIO_ReadPin
                0x0800770c       0x3a ./Drivers/STM32G0xx_HAL_Driver/Src/stm32g0xx_hal_gpio.o
                0x0800770c                HAL_GPIO_ReadPin
 .text.HAL_GPIO_WritePin
                0x08007746       0x3a ./Drivers/STM32G0xx_HAL_Driver/Src/stm32g0xx_hal_gpio.o
                0x08007746                HAL_GPIO_WritePin
 .text.HAL_GPIO_TogglePin
                0x08007780       0x36 ./Drivers/STM32G0xx_HAL_Driver/Src/stm32g0xx_hal_gpio.o
                0x08007780                HAL_GPIO_TogglePin
 *fill*         0x080077b6        0x2 
 .text.HAL_PWREx_ControlVoltageScaling
                0x080077b8       0x80 ./Drivers/STM32G0xx_HAL_Driver/Src/stm32g0xx_hal_pwr_ex.o
                0x080077b8                HAL_PWREx_ControlVoltageScaling
 .text.LL_RCC_GetAPB1Prescaler
                0x08007838       0x18 ./Drivers/STM32G0xx_HAL_Driver/Src/stm32g0xx_hal_rcc.o
 .text.HAL_RCC_OscConfig
                0x08007850      0x620 ./Drivers/STM32G0xx_HAL_Driver/Src/stm32g0xx_hal_rcc.o
                0x08007850                HAL_RCC_OscConfig
 .text.HAL_RCC_ClockConfig
                0x08007e70      0x210 ./Drivers/STM32G0xx_HAL_Driver/Src/stm32g0xx_hal_rcc.o
                0x08007e70                HAL_RCC_ClockConfig
 .text.HAL_RCC_GetSysClockFreq
                0x08008080      0x104 ./Drivers/STM32G0xx_HAL_Driver/Src/stm32g0xx_hal_rcc.o
                0x08008080                HAL_RCC_GetSysClockFreq
 .text.HAL_RCC_GetHCLKFreq
                0x08008184       0x14 ./Drivers/STM32G0xx_HAL_Driver/Src/stm32g0xx_hal_rcc.o
                0x08008184                HAL_RCC_GetHCLKFreq
 .text.HAL_RCC_GetPCLK1Freq
                0x08008198       0x2c ./Drivers/STM32G0xx_HAL_Driver/Src/stm32g0xx_hal_rcc.o
                0x08008198                HAL_RCC_GetPCLK1Freq
 .text.HAL_RCC_GetClockConfig
                0x080081c4       0x54 ./Drivers/STM32G0xx_HAL_Driver/Src/stm32g0xx_hal_rcc.o
                0x080081c4                HAL_RCC_GetClockConfig
 .text.HAL_RCCEx_PeriphCLKConfig
                0x08008218      0x268 ./Drivers/STM32G0xx_HAL_Driver/Src/stm32g0xx_hal_rcc_ex.o
                0x08008218                HAL_RCCEx_PeriphCLKConfig
 .text.HAL_TIM_Base_Init
                0x08008480       0xb0 ./Drivers/STM32G0xx_HAL_Driver/Src/stm32g0xx_hal_tim.o
                0x08008480                HAL_TIM_Base_Init
 .text.HAL_TIM_Base_Start
                0x08008530       0x9c ./Drivers/STM32G0xx_HAL_Driver/Src/stm32g0xx_hal_tim.o
                0x08008530                HAL_TIM_Base_Start
 .text.HAL_TIM_Base_Start_IT
                0x080085cc       0xac ./Drivers/STM32G0xx_HAL_Driver/Src/stm32g0xx_hal_tim.o
                0x080085cc                HAL_TIM_Base_Start_IT
 .text.HAL_TIM_IRQHandler
                0x08008678      0x210 ./Drivers/STM32G0xx_HAL_Driver/Src/stm32g0xx_hal_tim.o
                0x08008678                HAL_TIM_IRQHandler
 .text.HAL_TIM_OC_DelayElapsedCallback
                0x08008888       0x10 ./Drivers/STM32G0xx_HAL_Driver/Src/stm32g0xx_hal_tim.o
                0x08008888                HAL_TIM_OC_DelayElapsedCallback
 .text.HAL_TIM_IC_CaptureCallback
                0x08008898       0x10 ./Drivers/STM32G0xx_HAL_Driver/Src/stm32g0xx_hal_tim.o
                0x08008898                HAL_TIM_IC_CaptureCallback
 .text.HAL_TIM_PWM_PulseFinishedCallback
                0x080088a8       0x10 ./Drivers/STM32G0xx_HAL_Driver/Src/stm32g0xx_hal_tim.o
                0x080088a8                HAL_TIM_PWM_PulseFinishedCallback
 .text.HAL_TIM_TriggerCallback
                0x080088b8       0x10 ./Drivers/STM32G0xx_HAL_Driver/Src/stm32g0xx_hal_tim.o
                0x080088b8                HAL_TIM_TriggerCallback
 .text.TIM_Base_SetConfig
                0x080088c8      0x108 ./Drivers/STM32G0xx_HAL_Driver/Src/stm32g0xx_hal_tim.o
                0x080088c8                TIM_Base_SetConfig
 .text.HAL_TIMEx_MasterConfigSynchronization
                0x080089d0       0xd0 ./Drivers/STM32G0xx_HAL_Driver/Src/stm32g0xx_hal_tim_ex.o
                0x080089d0                HAL_TIMEx_MasterConfigSynchronization
 .text.HAL_TIMEx_CommutCallback
                0x08008aa0       0x10 ./Drivers/STM32G0xx_HAL_Driver/Src/stm32g0xx_hal_tim_ex.o
                0x08008aa0                HAL_TIMEx_CommutCallback
 .text.HAL_TIMEx_BreakCallback
                0x08008ab0       0x10 ./Drivers/STM32G0xx_HAL_Driver/Src/stm32g0xx_hal_tim_ex.o
                0x08008ab0                HAL_TIMEx_BreakCallback
 .text.HAL_TIMEx_Break2Callback
                0x08008ac0       0x10 ./Drivers/STM32G0xx_HAL_Driver/Src/stm32g0xx_hal_tim_ex.o
                0x08008ac0                HAL_TIMEx_Break2Callback
 .text.HAL_UART_Init
                0x08008ad0       0xac ./Drivers/STM32G0xx_HAL_Driver/Src/stm32g0xx_hal_uart.o
                0x08008ad0                HAL_UART_Init
 .text.HAL_UART_Transmit
                0x08008b7c      0x148 ./Drivers/STM32G0xx_HAL_Driver/Src/stm32g0xx_hal_uart.o
                0x08008b7c                HAL_UART_Transmit
 .text.HAL_UART_Receive
                0x08008cc4      0x1cc ./Drivers/STM32G0xx_HAL_Driver/Src/stm32g0xx_hal_uart.o
                0x08008cc4                HAL_UART_Receive
 .text.UART_SetConfig
                0x08008e90      0x348 ./Drivers/STM32G0xx_HAL_Driver/Src/stm32g0xx_hal_uart.o
                0x08008e90                UART_SetConfig
 .text.UART_AdvFeatureConfig
                0x080091d8      0x168 ./Drivers/STM32G0xx_HAL_Driver/Src/stm32g0xx_hal_uart.o
                0x080091d8                UART_AdvFeatureConfig
 .text.UART_CheckIdleState
                0x08009340      0x154 ./Drivers/STM32G0xx_HAL_Driver/Src/stm32g0xx_hal_uart.o
                0x08009340                UART_CheckIdleState
 .text.UART_WaitOnFlagUntilTimeout
                0x08009494       0xde ./Drivers/STM32G0xx_HAL_Driver/Src/stm32g0xx_hal_uart.o
                0x08009494                UART_WaitOnFlagUntilTimeout
 *fill*         0x08009572        0x2 
 .text.UART_EndRxTransfer
                0x08009574       0xcc ./Drivers/STM32G0xx_HAL_Driver/Src/stm32g0xx_hal_uart.o
 .text.HAL_UARTEx_DisableFifoMode
                0x08009640       0x74 ./Drivers/STM32G0xx_HAL_Driver/Src/stm32g0xx_hal_uart_ex.o
                0x08009640                HAL_UARTEx_DisableFifoMode
 .text.HAL_UARTEx_SetTxFifoThreshold
                0x080096b4       0x7e ./Drivers/STM32G0xx_HAL_Driver/Src/stm32g0xx_hal_uart_ex.o
                0x080096b4                HAL_UARTEx_SetTxFifoThreshold
 *fill*         0x08009732        0x2 
 .text.HAL_UARTEx_SetRxFifoThreshold
                0x08009734       0x84 ./Drivers/STM32G0xx_HAL_Driver/Src/stm32g0xx_hal_uart_ex.o
                0x08009734                HAL_UARTEx_SetRxFifoThreshold
 .text.UARTEx_SetNbDataToProcess
                0x080097b8       0xbc ./Drivers/STM32G0xx_HAL_Driver/Src/stm32g0xx_hal_uart_ex.o
 .text.__NVIC_SetPriority
                0x08009874       0xdc ./Middlewares/Third_Party/FreeRTOS/Source/CMSIS_RTOS_V2/cmsis_os2.o
 .text.SysTick_Handler
                0x08009950       0x20 ./Middlewares/Third_Party/FreeRTOS/Source/CMSIS_RTOS_V2/cmsis_os2.o
                0x08009950                SysTick_Handler
 .text.SVC_Setup
                0x08009970       0x16 ./Middlewares/Third_Party/FreeRTOS/Source/CMSIS_RTOS_V2/cmsis_os2.o
 *fill*         0x08009986        0x2 
 .text.osKernelInitialize
                0x08009988       0x44 ./Middlewares/Third_Party/FreeRTOS/Source/CMSIS_RTOS_V2/cmsis_os2.o
                0x08009988                osKernelInitialize
 .text.osKernelStart
                0x080099cc       0x4c ./Middlewares/Third_Party/FreeRTOS/Source/CMSIS_RTOS_V2/cmsis_os2.o
                0x080099cc                osKernelStart
 .text.osKernelGetTickCount
                0x08009a18       0x2e ./Middlewares/Third_Party/FreeRTOS/Source/CMSIS_RTOS_V2/cmsis_os2.o
                0x08009a18                osKernelGetTickCount
 .text.osThreadNew
                0x08009a46      0x12c ./Middlewares/Third_Party/FreeRTOS/Source/CMSIS_RTOS_V2/cmsis_os2.o
                0x08009a46                osThreadNew
 .text.osDelay  0x08009b72       0x38 ./Middlewares/Third_Party/FreeRTOS/Source/CMSIS_RTOS_V2/cmsis_os2.o
                0x08009b72                osDelay
 .text.osDelayUntil
                0x08009baa       0x5c ./Middlewares/Third_Party/FreeRTOS/Source/CMSIS_RTOS_V2/cmsis_os2.o
                0x08009baa                osDelayUntil
 .text.osMutexNew
                0x08009c06      0x118 ./Middlewares/Third_Party/FreeRTOS/Source/CMSIS_RTOS_V2/cmsis_os2.o
                0x08009c06                osMutexNew
 .text.osMutexAcquire
                0x08009d1e       0x9e ./Middlewares/Third_Party/FreeRTOS/Source/CMSIS_RTOS_V2/cmsis_os2.o
                0x08009d1e                osMutexAcquire
 .text.osMutexRelease
                0x08009dbc       0x7c ./Middlewares/Third_Party/FreeRTOS/Source/CMSIS_RTOS_V2/cmsis_os2.o
                0x08009dbc                osMutexRelease
 .text.osSemaphoreNew
                0x08009e38      0x128 ./Middlewares/Third_Party/FreeRTOS/Source/CMSIS_RTOS_V2/cmsis_os2.o
                0x08009e38                osSemaphoreNew
 .text.osSemaphoreAcquire
                0x08009f60       0xa0 ./Middlewares/Third_Party/FreeRTOS/Source/CMSIS_RTOS_V2/cmsis_os2.o
                0x08009f60                osSemaphoreAcquire
 .text.osSemaphoreRelease
                0x0800a000       0x80 ./Middlewares/Third_Party/FreeRTOS/Source/CMSIS_RTOS_V2/cmsis_os2.o
                0x0800a000                osSemaphoreRelease
 .text.osMessageQueueNew
                0x0800a080       0xf2 ./Middlewares/Third_Party/FreeRTOS/Source/CMSIS_RTOS_V2/cmsis_os2.o
                0x0800a080                osMessageQueueNew
 *fill*         0x0800a172        0x2 
 .text.osMessageQueuePut
                0x0800a174       0xb8 ./Middlewares/Third_Party/FreeRTOS/Source/CMSIS_RTOS_V2/cmsis_os2.o
                0x0800a174                osMessageQueuePut
 .text.osMessageQueueGet
                0x0800a22c       0xb4 ./Middlewares/Third_Party/FreeRTOS/Source/CMSIS_RTOS_V2/cmsis_os2.o
                0x0800a22c                osMessageQueueGet
 .text.vApplicationGetIdleTaskMemory
                0x0800a2e0       0x30 ./Middlewares/Third_Party/FreeRTOS/Source/CMSIS_RTOS_V2/cmsis_os2.o
                0x0800a2e0                vApplicationGetIdleTaskMemory
 .text.vApplicationGetTimerTaskMemory
                0x0800a310       0x30 ./Middlewares/Third_Party/FreeRTOS/Source/CMSIS_RTOS_V2/cmsis_os2.o
                0x0800a310                vApplicationGetTimerTaskMemory
 .text.vListInitialise
                0x0800a340       0x3c ./Middlewares/Third_Party/FreeRTOS/Source/list.o
                0x0800a340                vListInitialise
 .text.vListInitialiseItem
                0x0800a37c       0x16 ./Middlewares/Third_Party/FreeRTOS/Source/list.o
                0x0800a37c                vListInitialiseItem
 .text.vListInsertEnd
                0x0800a392       0x44 ./Middlewares/Third_Party/FreeRTOS/Source/list.o
                0x0800a392                vListInsertEnd
 .text.vListInsert
                0x0800a3d6       0x6c ./Middlewares/Third_Party/FreeRTOS/Source/list.o
                0x0800a3d6                vListInsert
 .text.uxListRemove
                0x0800a442       0x50 ./Middlewares/Third_Party/FreeRTOS/Source/list.o
                0x0800a442                uxListRemove
 .text.xQueueGenericReset
                0x0800a492       0xaa ./Middlewares/Third_Party/FreeRTOS/Source/queue.o
                0x0800a492                xQueueGenericReset
 .text.xQueueGenericCreateStatic
                0x0800a53c       0xa2 ./Middlewares/Third_Party/FreeRTOS/Source/queue.o
                0x0800a53c                xQueueGenericCreateStatic
 .text.xQueueGenericCreate
                0x0800a5de       0x66 ./Middlewares/Third_Party/FreeRTOS/Source/queue.o
                0x0800a5de                xQueueGenericCreate
 .text.prvInitialiseNewQueue
                0x0800a644       0x4e ./Middlewares/Third_Party/FreeRTOS/Source/queue.o
 .text.prvInitialiseMutex
                0x0800a692       0x34 ./Middlewares/Third_Party/FreeRTOS/Source/queue.o
 .text.xQueueCreateMutex
                0x0800a6c6       0x38 ./Middlewares/Third_Party/FreeRTOS/Source/queue.o
                0x0800a6c6                xQueueCreateMutex
 .text.xQueueCreateMutexStatic
                0x0800a6fe       0x40 ./Middlewares/Third_Party/FreeRTOS/Source/queue.o
                0x0800a6fe                xQueueCreateMutexStatic
 .text.xQueueGiveMutexRecursive
                0x0800a73e       0x58 ./Middlewares/Third_Party/FreeRTOS/Source/queue.o
                0x0800a73e                xQueueGiveMutexRecursive
 .text.xQueueTakeMutexRecursive
                0x0800a796       0x62 ./Middlewares/Third_Party/FreeRTOS/Source/queue.o
                0x0800a796                xQueueTakeMutexRecursive
 .text.xQueueCreateCountingSemaphoreStatic
                0x0800a7f8       0x50 ./Middlewares/Third_Party/FreeRTOS/Source/queue.o
                0x0800a7f8                xQueueCreateCountingSemaphoreStatic
 .text.xQueueCreateCountingSemaphore
                0x0800a848       0x4a ./Middlewares/Third_Party/FreeRTOS/Source/queue.o
                0x0800a848                xQueueCreateCountingSemaphore
 .text.xQueueGenericSend
                0x0800a892      0x190 ./Middlewares/Third_Party/FreeRTOS/Source/queue.o
                0x0800a892                xQueueGenericSend
 .text.xQueueGenericSendFromISR
                0x0800aa22       0xee ./Middlewares/Third_Party/FreeRTOS/Source/queue.o
                0x0800aa22                xQueueGenericSendFromISR
 .text.xQueueGiveFromISR
                0x0800ab10       0xd0 ./Middlewares/Third_Party/FreeRTOS/Source/queue.o
                0x0800ab10                xQueueGiveFromISR
 .text.xQueueReceive
                0x0800abe0      0x170 ./Middlewares/Third_Party/FreeRTOS/Source/queue.o
                0x0800abe0                xQueueReceive
 .text.xQueueSemaphoreTake
                0x0800ad50      0x1bc ./Middlewares/Third_Party/FreeRTOS/Source/queue.o
                0x0800ad50                xQueueSemaphoreTake
 .text.xQueueReceiveFromISR
                0x0800af0c       0xca ./Middlewares/Third_Party/FreeRTOS/Source/queue.o
                0x0800af0c                xQueueReceiveFromISR
 .text.vQueueDelete
                0x0800afd6       0x3a ./Middlewares/Third_Party/FreeRTOS/Source/queue.o
                0x0800afd6                vQueueDelete
 .text.prvGetDisinheritPriorityAfterTimeout
                0x0800b010       0x2c ./Middlewares/Third_Party/FreeRTOS/Source/queue.o
 .text.prvCopyDataToQueue
                0x0800b03c       0xd6 ./Middlewares/Third_Party/FreeRTOS/Source/queue.o
 .text.prvCopyDataFromQueue
                0x0800b112       0x4c ./Middlewares/Third_Party/FreeRTOS/Source/queue.o
 .text.prvUnlockQueue
                0x0800b15e       0xbc ./Middlewares/Third_Party/FreeRTOS/Source/queue.o
 .text.prvIsQueueEmpty
                0x0800b21a       0x2c ./Middlewares/Third_Party/FreeRTOS/Source/queue.o
 .text.prvIsQueueFull
                0x0800b246       0x30 ./Middlewares/Third_Party/FreeRTOS/Source/queue.o
 *fill*         0x0800b276        0x2 
 .text.vQueueAddToRegistry
                0x0800b278       0x50 ./Middlewares/Third_Party/FreeRTOS/Source/queue.o
                0x0800b278                vQueueAddToRegistry
 .text.vQueueUnregisterQueue
                0x0800b2c8       0x54 ./Middlewares/Third_Party/FreeRTOS/Source/queue.o
                0x0800b2c8                vQueueUnregisterQueue
 .text.vQueueWaitForMessageRestricted
                0x0800b31c       0x66 ./Middlewares/Third_Party/FreeRTOS/Source/queue.o
                0x0800b31c                vQueueWaitForMessageRestricted
 .text.xTaskCreateStatic
                0x0800b382       0x8e ./Middlewares/Third_Party/FreeRTOS/Source/tasks.o
                0x0800b382                xTaskCreateStatic
 .text.xTaskCreate
                0x0800b410       0x98 ./Middlewares/Third_Party/FreeRTOS/Source/tasks.o
                0x0800b410                xTaskCreate
 .text.prvInitialiseNewTask
                0x0800b4a8      0x144 ./Middlewares/Third_Party/FreeRTOS/Source/tasks.o
 .text.prvAddNewTaskToReadyList
                0x0800b5ec       0xd0 ./Middlewares/Third_Party/FreeRTOS/Source/tasks.o
 .text.vTaskDelayUntil
                0x0800b6bc       0xbc ./Middlewares/Third_Party/FreeRTOS/Source/tasks.o
                0x0800b6bc                vTaskDelayUntil
 .text.vTaskDelay
                0x0800b778       0x4c ./Middlewares/Third_Party/FreeRTOS/Source/tasks.o
                0x0800b778                vTaskDelay
 .text.vTaskStartScheduler
                0x0800b7c4       0xc0 ./Middlewares/Third_Party/FreeRTOS/Source/tasks.o
                0x0800b7c4                vTaskStartScheduler
 .text.vTaskSuspendAll
                0x0800b884       0x18 ./Middlewares/Third_Party/FreeRTOS/Source/tasks.o
                0x0800b884                vTaskSuspendAll
 .text.xTaskResumeAll
                0x0800b89c      0x118 ./Middlewares/Third_Party/FreeRTOS/Source/tasks.o
                0x0800b89c                xTaskResumeAll
 .text.xTaskGetTickCount
                0x0800b9b4       0x1c ./Middlewares/Third_Party/FreeRTOS/Source/tasks.o
                0x0800b9b4                xTaskGetTickCount
 .text.xTaskGetTickCountFromISR
                0x0800b9d0       0x20 ./Middlewares/Third_Party/FreeRTOS/Source/tasks.o
                0x0800b9d0                xTaskGetTickCountFromISR
 .text.xTaskIncrementTick
                0x0800b9f0      0x160 ./Middlewares/Third_Party/FreeRTOS/Source/tasks.o
                0x0800b9f0                xTaskIncrementTick
 .text.vTaskSwitchContext
                0x0800bb50       0xb4 ./Middlewares/Third_Party/FreeRTOS/Source/tasks.o
                0x0800bb50                vTaskSwitchContext
 .text.vTaskPlaceOnEventList
                0x0800bc04       0x40 ./Middlewares/Third_Party/FreeRTOS/Source/tasks.o
                0x0800bc04                vTaskPlaceOnEventList
 .text.vTaskPlaceOnEventListRestricted
                0x0800bc44       0x50 ./Middlewares/Third_Party/FreeRTOS/Source/tasks.o
                0x0800bc44                vTaskPlaceOnEventListRestricted
 .text.xTaskRemoveFromEventList
                0x0800bc94       0xbc ./Middlewares/Third_Party/FreeRTOS/Source/tasks.o
                0x0800bc94                xTaskRemoveFromEventList
 .text.vTaskInternalSetTimeOutState
                0x0800bd50       0x28 ./Middlewares/Third_Party/FreeRTOS/Source/tasks.o
                0x0800bd50                vTaskInternalSetTimeOutState
 .text.xTaskCheckForTimeOut
                0x0800bd78       0xa4 ./Middlewares/Third_Party/FreeRTOS/Source/tasks.o
                0x0800bd78                xTaskCheckForTimeOut
 .text.vTaskMissedYield
                0x0800be1c       0x14 ./Middlewares/Third_Party/FreeRTOS/Source/tasks.o
                0x0800be1c                vTaskMissedYield
 .text.prvIdleTask
                0x0800be30       0x20 ./Middlewares/Third_Party/FreeRTOS/Source/tasks.o
 .text.prvInitialiseTaskLists
                0x0800be50       0x88 ./Middlewares/Third_Party/FreeRTOS/Source/tasks.o
 .text.prvCheckTasksWaitingTermination
                0x0800bed8       0x5c ./Middlewares/Third_Party/FreeRTOS/Source/tasks.o
 .text.prvDeleteTCB
                0x0800bf34       0x5c ./Middlewares/Third_Party/FreeRTOS/Source/tasks.o
 .text.prvResetNextTaskUnblockTime
                0x0800bf90       0x3c ./Middlewares/Third_Party/FreeRTOS/Source/tasks.o
 .text.xTaskGetCurrentTaskHandle
                0x0800bfcc       0x1c ./Middlewares/Third_Party/FreeRTOS/Source/tasks.o
                0x0800bfcc                xTaskGetCurrentTaskHandle
 .text.xTaskGetSchedulerState
                0x0800bfe8       0x38 ./Middlewares/Third_Party/FreeRTOS/Source/tasks.o
                0x0800bfe8                xTaskGetSchedulerState
 .text.xTaskPriorityInherit
                0x0800c020       0xd0 ./Middlewares/Third_Party/FreeRTOS/Source/tasks.o
                0x0800c020                xTaskPriorityInherit
 .text.xTaskPriorityDisinherit
                0x0800c0f0       0xbc ./Middlewares/Third_Party/FreeRTOS/Source/tasks.o
                0x0800c0f0                xTaskPriorityDisinherit
 .text.vTaskPriorityDisinheritAfterTimeout
                0x0800c1ac       0xe4 ./Middlewares/Third_Party/FreeRTOS/Source/tasks.o
                0x0800c1ac                vTaskPriorityDisinheritAfterTimeout
 .text.pvTaskIncrementMutexHeldCount
                0x0800c290       0x24 ./Middlewares/Third_Party/FreeRTOS/Source/tasks.o
                0x0800c290                pvTaskIncrementMutexHeldCount
 .text.prvAddCurrentTaskToDelayedList
                0x0800c2b4       0xa8 ./Middlewares/Third_Party/FreeRTOS/Source/tasks.o
 .text.xTimerCreateTimerTask
                0x0800c35c       0x80 ./Middlewares/Third_Party/FreeRTOS/Source/timers.o
                0x0800c35c                xTimerCreateTimerTask
 .text.xTimerGenericCommand
                0x0800c3dc       0x98 ./Middlewares/Third_Party/FreeRTOS/Source/timers.o
                0x0800c3dc                xTimerGenericCommand
 .text.prvProcessExpiredTimer
                0x0800c474       0x8c ./Middlewares/Third_Party/FreeRTOS/Source/timers.o
 .text.prvTimerTask
                0x0800c500       0x2a ./Middlewares/Third_Party/FreeRTOS/Source/timers.o
 *fill*         0x0800c52a        0x2 
 .text.prvProcessTimerOrBlockTask
                0x0800c52c       0x90 ./Middlewares/Third_Party/FreeRTOS/Source/timers.o
 .text.prvGetNextExpireTime
                0x0800c5bc       0x44 ./Middlewares/Third_Party/FreeRTOS/Source/timers.o
 .text.prvSampleTimeNow
                0x0800c600       0x40 ./Middlewares/Third_Party/FreeRTOS/Source/timers.o
 .text.prvInsertTimerInActiveList
                0x0800c640       0x84 ./Middlewares/Third_Party/FreeRTOS/Source/timers.o
 .text.prvProcessReceivedCommands
                0x0800c6c4      0x194 ./Middlewares/Third_Party/FreeRTOS/Source/timers.o
 .text.prvSwitchTimerLists
                0x0800c858       0xbc ./Middlewares/Third_Party/FreeRTOS/Source/timers.o
 .text.prvCheckForValidListAndQueue
                0x0800c914       0x84 ./Middlewares/Third_Party/FreeRTOS/Source/timers.o
 .text.pxPortInitialiseStack
                0x0800c998       0x54 ./Middlewares/Third_Party/FreeRTOS/Source/portable/GCC/ARM_CM0/port.o
                0x0800c998                pxPortInitialiseStack
 .text.prvTaskExitError
                0x0800c9ec       0x30 ./Middlewares/Third_Party/FreeRTOS/Source/portable/GCC/ARM_CM0/port.o
 .text.SVC_Handler
                0x0800ca1c        0xa ./Middlewares/Third_Party/FreeRTOS/Source/portable/GCC/ARM_CM0/port.o
                0x0800ca1c                SVC_Handler
 *fill*         0x0800ca26        0xa 
 .text.vPortStartFirstTask
                0x0800ca30       0x38 ./Middlewares/Third_Party/FreeRTOS/Source/portable/GCC/ARM_CM0/port.o
 .text.xPortStartScheduler
                0x0800ca68       0x48 ./Middlewares/Third_Party/FreeRTOS/Source/portable/GCC/ARM_CM0/port.o
                0x0800ca68                xPortStartScheduler
 .text.vPortYield
                0x0800cab0       0x20 ./Middlewares/Third_Party/FreeRTOS/Source/portable/GCC/ARM_CM0/port.o
                0x0800cab0                vPortYield
 .text.vPortEnterCritical
                0x0800cad0       0x24 ./Middlewares/Third_Party/FreeRTOS/Source/portable/GCC/ARM_CM0/port.o
                0x0800cad0                vPortEnterCritical
 .text.vPortExitCritical
                0x0800caf4       0x30 ./Middlewares/Third_Party/FreeRTOS/Source/portable/GCC/ARM_CM0/port.o
                0x0800caf4                vPortExitCritical
 .text.ulSetInterruptMaskFromISR
                0x0800cb24        0xc ./Middlewares/Third_Party/FreeRTOS/Source/portable/GCC/ARM_CM0/port.o
                0x0800cb24                ulSetInterruptMaskFromISR
 .text.vClearInterruptMaskFromISR
                0x0800cb30        0x8 ./Middlewares/Third_Party/FreeRTOS/Source/portable/GCC/ARM_CM0/port.o
                0x0800cb30                vClearInterruptMaskFromISR
 *fill*         0x0800cb38        0x8 
 .text.PendSV_Handler
                0x0800cb40       0x48 ./Middlewares/Third_Party/FreeRTOS/Source/portable/GCC/ARM_CM0/port.o
                0x0800cb40                PendSV_Handler
 .text.xPortSysTickHandler
                0x0800cb88       0x34 ./Middlewares/Third_Party/FreeRTOS/Source/portable/GCC/ARM_CM0/port.o
                0x0800cb88                xPortSysTickHandler
 .text.vPortSetupTimerInterrupt
                0x0800cbbc       0x44 ./Middlewares/Third_Party/FreeRTOS/Source/portable/GCC/ARM_CM0/port.o
                0x0800cbbc                vPortSetupTimerInterrupt
 .text.pvPortMalloc
                0x0800cc00      0x160 ./Middlewares/Third_Party/FreeRTOS/Source/portable/MemMang/heap_4.o
                0x0800cc00                pvPortMalloc
 .text.vPortFree
                0x0800cd60       0xa0 ./Middlewares/Third_Party/FreeRTOS/Source/portable/MemMang/heap_4.o
                0x0800cd60                vPortFree
 .text.prvHeapInit
                0x0800ce00       0xc0 ./Middlewares/Third_Party/FreeRTOS/Source/portable/MemMang/heap_4.o
 .text.prvInsertBlockIntoFreeList
                0x0800cec0       0xb0 ./Middlewares/Third_Party/FreeRTOS/Source/portable/MemMang/heap_4.o
 .text.__cvt    0x0800cf70       0xcc D:/Program Files (x86)/STM32CubeIDE_1.13.2/STM32CubeIDE/plugins/com.st.stm32cube.ide.mcu.externaltools.gnu-tools-for-stm32.13.3.rel1.win32_1.0.0.202411081344/tools/bin/../lib/gcc/arm-none-eabi/13.3.1/../../../../arm-none-eabi/lib/thumb/v6-m/nofp\libc_nano.a(libc_a-nano-vfprintf_float.o)
                0x0800cf70                __cvt
 .text.__exponent
                0x0800d03c       0x7e D:/Program Files (x86)/STM32CubeIDE_1.13.2/STM32CubeIDE/plugins/com.st.stm32cube.ide.mcu.externaltools.gnu-tools-for-stm32.13.3.rel1.win32_1.0.0.202411081344/tools/bin/../lib/gcc/arm-none-eabi/13.3.1/../../../../arm-none-eabi/lib/thumb/v6-m/nofp\libc_nano.a(libc_a-nano-vfprintf_float.o)
                0x0800d03c                __exponent
 *fill*         0x0800d0ba        0x2 
 .text._printf_float
                0x0800d0bc      0x47c D:/Program Files (x86)/STM32CubeIDE_1.13.2/STM32CubeIDE/plugins/com.st.stm32cube.ide.mcu.externaltools.gnu-tools-for-stm32.13.3.rel1.win32_1.0.0.202411081344/tools/bin/../lib/gcc/arm-none-eabi/13.3.1/../../../../arm-none-eabi/lib/thumb/v6-m/nofp\libc_nano.a(libc_a-nano-vfprintf_float.o)
                0x0800d0bc                _printf_float
 .text._printf_common
                0x0800d538       0xde D:/Program Files (x86)/STM32CubeIDE_1.13.2/STM32CubeIDE/plugins/com.st.stm32cube.ide.mcu.externaltools.gnu-tools-for-stm32.13.3.rel1.win32_1.0.0.202411081344/tools/bin/../lib/gcc/arm-none-eabi/13.3.1/../../../../arm-none-eabi/lib/thumb/v6-m/nofp\libc_nano.a(libc_a-nano-vfprintf_i.o)
                0x0800d538                _printf_common
 *fill*         0x0800d616        0x2 
 .text._printf_i
                0x0800d618      0x218 D:/Program Files (x86)/STM32CubeIDE_1.13.2/STM32CubeIDE/plugins/com.st.stm32cube.ide.mcu.externaltools.gnu-tools-for-stm32.13.3.rel1.win32_1.0.0.202411081344/tools/bin/../lib/gcc/arm-none-eabi/13.3.1/../../../../arm-none-eabi/lib/thumb/v6-m/nofp\libc_nano.a(libc_a-nano-vfprintf_i.o)
                0x0800d618                _printf_i
 .text._scanf_float
                0x0800d830      0x418 D:/Program Files (x86)/STM32CubeIDE_1.13.2/STM32CubeIDE/plugins/com.st.stm32cube.ide.mcu.externaltools.gnu-tools-for-stm32.13.3.rel1.win32_1.0.0.202411081344/tools/bin/../lib/gcc/arm-none-eabi/13.3.1/../../../../arm-none-eabi/lib/thumb/v6-m/nofp\libc_nano.a(libc_a-nano-vfscanf_float.o)
                0x0800d830                _scanf_float
 .text.std      0x0800dc48       0x6c D:/Program Files (x86)/STM32CubeIDE_1.13.2/STM32CubeIDE/plugins/com.st.stm32cube.ide.mcu.externaltools.gnu-tools-for-stm32.13.3.rel1.win32_1.0.0.202411081344/tools/bin/../lib/gcc/arm-none-eabi/13.3.1/../../../../arm-none-eabi/lib/thumb/v6-m/nofp\libc_nano.a(libc_a-findfp.o)
 .text.stdio_exit_handler
                0x0800dcb4       0x1c D:/Program Files (x86)/STM32CubeIDE_1.13.2/STM32CubeIDE/plugins/com.st.stm32cube.ide.mcu.externaltools.gnu-tools-for-stm32.13.3.rel1.win32_1.0.0.202411081344/tools/bin/../lib/gcc/arm-none-eabi/13.3.1/../../../../arm-none-eabi/lib/thumb/v6-m/nofp\libc_nano.a(libc_a-findfp.o)
 .text.cleanup_stdio
                0x0800dcd0       0x3c D:/Program Files (x86)/STM32CubeIDE_1.13.2/STM32CubeIDE/plugins/com.st.stm32cube.ide.mcu.externaltools.gnu-tools-for-stm32.13.3.rel1.win32_1.0.0.202411081344/tools/bin/../lib/gcc/arm-none-eabi/13.3.1/../../../../arm-none-eabi/lib/thumb/v6-m/nofp\libc_nano.a(libc_a-findfp.o)
 .text.global_stdio_init.part.0
                0x0800dd0c       0x3c D:/Program Files (x86)/STM32CubeIDE_1.13.2/STM32CubeIDE/plugins/com.st.stm32cube.ide.mcu.externaltools.gnu-tools-for-stm32.13.3.rel1.win32_1.0.0.202411081344/tools/bin/../lib/gcc/arm-none-eabi/13.3.1/../../../../arm-none-eabi/lib/thumb/v6-m/nofp\libc_nano.a(libc_a-findfp.o)
 .text.__sfp_lock_acquire
                0x0800dd48       0x10 D:/Program Files (x86)/STM32CubeIDE_1.13.2/STM32CubeIDE/plugins/com.st.stm32cube.ide.mcu.externaltools.gnu-tools-for-stm32.13.3.rel1.win32_1.0.0.202411081344/tools/bin/../lib/gcc/arm-none-eabi/13.3.1/../../../../arm-none-eabi/lib/thumb/v6-m/nofp\libc_nano.a(libc_a-findfp.o)
                0x0800dd48                __sfp_lock_acquire
 .text.__sfp_lock_release
                0x0800dd58       0x10 D:/Program Files (x86)/STM32CubeIDE_1.13.2/STM32CubeIDE/plugins/com.st.stm32cube.ide.mcu.externaltools.gnu-tools-for-stm32.13.3.rel1.win32_1.0.0.202411081344/tools/bin/../lib/gcc/arm-none-eabi/13.3.1/../../../../arm-none-eabi/lib/thumb/v6-m/nofp\libc_nano.a(libc_a-findfp.o)
                0x0800dd58                __sfp_lock_release
 .text.__sinit  0x0800dd68       0x30 D:/Program Files (x86)/STM32CubeIDE_1.13.2/STM32CubeIDE/plugins/com.st.stm32cube.ide.mcu.externaltools.gnu-tools-for-stm32.13.3.rel1.win32_1.0.0.202411081344/tools/bin/../lib/gcc/arm-none-eabi/13.3.1/../../../../arm-none-eabi/lib/thumb/v6-m/nofp\libc_nano.a(libc_a-findfp.o)
                0x0800dd68                __sinit
 .text._fwalk_sglue
                0x0800dd98       0x38 D:/Program Files (x86)/STM32CubeIDE_1.13.2/STM32CubeIDE/plugins/com.st.stm32cube.ide.mcu.externaltools.gnu-tools-for-stm32.13.3.rel1.win32_1.0.0.202411081344/tools/bin/../lib/gcc/arm-none-eabi/13.3.1/../../../../arm-none-eabi/lib/thumb/v6-m/nofp\libc_nano.a(libc_a-fwalk.o)
                0x0800dd98                _fwalk_sglue
 .text.snprintf
                0x0800ddd0       0x6c D:/Program Files (x86)/STM32CubeIDE_1.13.2/STM32CubeIDE/plugins/com.st.stm32cube.ide.mcu.externaltools.gnu-tools-for-stm32.13.3.rel1.win32_1.0.0.202411081344/tools/bin/../lib/gcc/arm-none-eabi/13.3.1/../../../../arm-none-eabi/lib/thumb/v6-m/nofp\libc_nano.a(libc_a-snprintf.o)
                0x0800ddd0                sniprintf
                0x0800ddd0                snprintf
 .text.sprintf  0x0800de3c       0x44 D:/Program Files (x86)/STM32CubeIDE_1.13.2/STM32CubeIDE/plugins/com.st.stm32cube.ide.mcu.externaltools.gnu-tools-for-stm32.13.3.rel1.win32_1.0.0.202411081344/tools/bin/../lib/gcc/arm-none-eabi/13.3.1/../../../../arm-none-eabi/lib/thumb/v6-m/nofp\libc_nano.a(libc_a-sprintf.o)
                0x0800de3c                siprintf
                0x0800de3c                sprintf
 .text.__sread  0x0800de80       0x28 D:/Program Files (x86)/STM32CubeIDE_1.13.2/STM32CubeIDE/plugins/com.st.stm32cube.ide.mcu.externaltools.gnu-tools-for-stm32.13.3.rel1.win32_1.0.0.202411081344/tools/bin/../lib/gcc/arm-none-eabi/13.3.1/../../../../arm-none-eabi/lib/thumb/v6-m/nofp\libc_nano.a(libc_a-stdio.o)
                0x0800de80                __sread
 .text.__swrite
                0x0800dea8       0x38 D:/Program Files (x86)/STM32CubeIDE_1.13.2/STM32CubeIDE/plugins/com.st.stm32cube.ide.mcu.externaltools.gnu-tools-for-stm32.13.3.rel1.win32_1.0.0.202411081344/tools/bin/../lib/gcc/arm-none-eabi/13.3.1/../../../../arm-none-eabi/lib/thumb/v6-m/nofp\libc_nano.a(libc_a-stdio.o)
                0x0800dea8                __swrite
 .text.__sseek  0x0800dee0       0x2c D:/Program Files (x86)/STM32CubeIDE_1.13.2/STM32CubeIDE/plugins/com.st.stm32cube.ide.mcu.externaltools.gnu-tools-for-stm32.13.3.rel1.win32_1.0.0.202411081344/tools/bin/../lib/gcc/arm-none-eabi/13.3.1/../../../../arm-none-eabi/lib/thumb/v6-m/nofp\libc_nano.a(libc_a-stdio.o)
                0x0800dee0                __sseek
 .text.__sclose
                0x0800df0c        0xc D:/Program Files (x86)/STM32CubeIDE_1.13.2/STM32CubeIDE/plugins/com.st.stm32cube.ide.mcu.externaltools.gnu-tools-for-stm32.13.3.rel1.win32_1.0.0.202411081344/tools/bin/../lib/gcc/arm-none-eabi/13.3.1/../../../../arm-none-eabi/lib/thumb/v6-m/nofp\libc_nano.a(libc_a-stdio.o)
                0x0800df0c                __sclose
 .text.memset   0x0800df18       0x10 D:/Program Files (x86)/STM32CubeIDE_1.13.2/STM32CubeIDE/plugins/com.st.stm32cube.ide.mcu.externaltools.gnu-tools-for-stm32.13.3.rel1.win32_1.0.0.202411081344/tools/bin/../lib/gcc/arm-none-eabi/13.3.1/../../../../arm-none-eabi/lib/thumb/v6-m/nofp\libc_nano.a(libc_a-memset.o)
                0x0800df18                memset
 .text._localeconv_r
                0x0800df28        0x8 D:/Program Files (x86)/STM32CubeIDE_1.13.2/STM32CubeIDE/plugins/com.st.stm32cube.ide.mcu.externaltools.gnu-tools-for-stm32.13.3.rel1.win32_1.0.0.202411081344/tools/bin/../lib/gcc/arm-none-eabi/13.3.1/../../../../arm-none-eabi/lib/thumb/v6-m/nofp\libc_nano.a(libc_a-localeconv.o)
                0x0800df28                _localeconv_r
 .text._close_r
                0x0800df30       0x24 D:/Program Files (x86)/STM32CubeIDE_1.13.2/STM32CubeIDE/plugins/com.st.stm32cube.ide.mcu.externaltools.gnu-tools-for-stm32.13.3.rel1.win32_1.0.0.202411081344/tools/bin/../lib/gcc/arm-none-eabi/13.3.1/../../../../arm-none-eabi/lib/thumb/v6-m/nofp\libc_nano.a(libc_a-closer.o)
                0x0800df30                _close_r
 .text._reclaim_reent
                0x0800df54       0xd4 D:/Program Files (x86)/STM32CubeIDE_1.13.2/STM32CubeIDE/plugins/com.st.stm32cube.ide.mcu.externaltools.gnu-tools-for-stm32.13.3.rel1.win32_1.0.0.202411081344/tools/bin/../lib/gcc/arm-none-eabi/13.3.1/../../../../arm-none-eabi/lib/thumb/v6-m/nofp\libc_nano.a(libc_a-reent.o)
                0x0800df54                _reclaim_reent
 .text._lseek_r
                0x0800e028       0x28 D:/Program Files (x86)/STM32CubeIDE_1.13.2/STM32CubeIDE/plugins/com.st.stm32cube.ide.mcu.externaltools.gnu-tools-for-stm32.13.3.rel1.win32_1.0.0.202411081344/tools/bin/../lib/gcc/arm-none-eabi/13.3.1/../../../../arm-none-eabi/lib/thumb/v6-m/nofp\libc_nano.a(libc_a-lseekr.o)
                0x0800e028                _lseek_r
 .text._read_r  0x0800e050       0x28 D:/Program Files (x86)/STM32CubeIDE_1.13.2/STM32CubeIDE/plugins/com.st.stm32cube.ide.mcu.externaltools.gnu-tools-for-stm32.13.3.rel1.win32_1.0.0.202411081344/tools/bin/../lib/gcc/arm-none-eabi/13.3.1/../../../../arm-none-eabi/lib/thumb/v6-m/nofp\libc_nano.a(libc_a-readr.o)
                0x0800e050                _read_r
 .text._write_r
                0x0800e078       0x28 D:/Program Files (x86)/STM32CubeIDE_1.13.2/STM32CubeIDE/plugins/com.st.stm32cube.ide.mcu.externaltools.gnu-tools-for-stm32.13.3.rel1.win32_1.0.0.202411081344/tools/bin/../lib/gcc/arm-none-eabi/13.3.1/../../../../arm-none-eabi/lib/thumb/v6-m/nofp\libc_nano.a(libc_a-writer.o)
                0x0800e078                _write_r
 .text.__errno  0x0800e0a0        0xc D:/Program Files (x86)/STM32CubeIDE_1.13.2/STM32CubeIDE/plugins/com.st.stm32cube.ide.mcu.externaltools.gnu-tools-for-stm32.13.3.rel1.win32_1.0.0.202411081344/tools/bin/../lib/gcc/arm-none-eabi/13.3.1/../../../../arm-none-eabi/lib/thumb/v6-m/nofp\libc_nano.a(libc_a-errno.o)
                0x0800e0a0                __errno
 .text.__libc_init_array
                0x0800e0ac       0x48 D:/Program Files (x86)/STM32CubeIDE_1.13.2/STM32CubeIDE/plugins/com.st.stm32cube.ide.mcu.externaltools.gnu-tools-for-stm32.13.3.rel1.win32_1.0.0.202411081344/tools/bin/../lib/gcc/arm-none-eabi/13.3.1/../../../../arm-none-eabi/lib/thumb/v6-m/nofp\libc_nano.a(libc_a-init.o)
                0x0800e0ac                __libc_init_array
 .text.__retarget_lock_init_recursive
                0x0800e0f4        0x2 D:/Program Files (x86)/STM32CubeIDE_1.13.2/STM32CubeIDE/plugins/com.st.stm32cube.ide.mcu.externaltools.gnu-tools-for-stm32.13.3.rel1.win32_1.0.0.202411081344/tools/bin/../lib/gcc/arm-none-eabi/13.3.1/../../../../arm-none-eabi/lib/thumb/v6-m/nofp\libc_nano.a(libc_a-lock.o)
                0x0800e0f4                __retarget_lock_init_recursive
 .text.__retarget_lock_acquire_recursive
                0x0800e0f6        0x2 D:/Program Files (x86)/STM32CubeIDE_1.13.2/STM32CubeIDE/plugins/com.st.stm32cube.ide.mcu.externaltools.gnu-tools-for-stm32.13.3.rel1.win32_1.0.0.202411081344/tools/bin/../lib/gcc/arm-none-eabi/13.3.1/../../../../arm-none-eabi/lib/thumb/v6-m/nofp\libc_nano.a(libc_a-lock.o)
                0x0800e0f6                __retarget_lock_acquire_recursive
 .text.__retarget_lock_release_recursive
                0x0800e0f8        0x2 D:/Program Files (x86)/STM32CubeIDE_1.13.2/STM32CubeIDE/plugins/com.st.stm32cube.ide.mcu.externaltools.gnu-tools-for-stm32.13.3.rel1.win32_1.0.0.202411081344/tools/bin/../lib/gcc/arm-none-eabi/13.3.1/../../../../arm-none-eabi/lib/thumb/v6-m/nofp\libc_nano.a(libc_a-lock.o)
                0x0800e0f8                __retarget_lock_release_recursive
 .text.memchr   0x0800e0fa       0x16 D:/Program Files (x86)/STM32CubeIDE_1.13.2/STM32CubeIDE/plugins/com.st.stm32cube.ide.mcu.externaltools.gnu-tools-for-stm32.13.3.rel1.win32_1.0.0.202411081344/tools/bin/../lib/gcc/arm-none-eabi/13.3.1/../../../../arm-none-eabi/lib/thumb/v6-m/nofp\libc_nano.a(libc_a-memchr-stub.o)
                0x0800e0fa                memchr
 .text.memcpy   0x0800e110       0x12 D:/Program Files (x86)/STM32CubeIDE_1.13.2/STM32CubeIDE/plugins/com.st.stm32cube.ide.mcu.externaltools.gnu-tools-for-stm32.13.3.rel1.win32_1.0.0.202411081344/tools/bin/../lib/gcc/arm-none-eabi/13.3.1/../../../../arm-none-eabi/lib/thumb/v6-m/nofp\libc_nano.a(libc_a-memcpy-stub.o)
                0x0800e110                memcpy
 *fill*         0x0800e122        0x2 
 .text.nanf     0x0800e124        0x8 D:/Program Files (x86)/STM32CubeIDE_1.13.2/STM32CubeIDE/plugins/com.st.stm32cube.ide.mcu.externaltools.gnu-tools-for-stm32.13.3.rel1.win32_1.0.0.202411081344/tools/bin/../lib/gcc/arm-none-eabi/13.3.1/../../../../arm-none-eabi/lib/thumb/v6-m/nofp\libc_nano.a(libm_a-sf_nan.o)
                0x0800e124                nanf
 .text.quorem   0x0800e12c      0x10a D:/Program Files (x86)/STM32CubeIDE_1.13.2/STM32CubeIDE/plugins/com.st.stm32cube.ide.mcu.externaltools.gnu-tools-for-stm32.13.3.rel1.win32_1.0.0.202411081344/tools/bin/../lib/gcc/arm-none-eabi/13.3.1/../../../../arm-none-eabi/lib/thumb/v6-m/nofp\libc_nano.a(libc_a-dtoa.o)
 *fill*         0x0800e236        0x2 
 .text._dtoa_r  0x0800e238      0xbe0 D:/Program Files (x86)/STM32CubeIDE_1.13.2/STM32CubeIDE/plugins/com.st.stm32cube.ide.mcu.externaltools.gnu-tools-for-stm32.13.3.rel1.win32_1.0.0.202411081344/tools/bin/../lib/gcc/arm-none-eabi/13.3.1/../../../../arm-none-eabi/lib/thumb/v6-m/nofp\libc_nano.a(libc_a-dtoa.o)
                0x0800e238                _dtoa_r
 .text._free_r  0x0800ee18       0x94 D:/Program Files (x86)/STM32CubeIDE_1.13.2/STM32CubeIDE/plugins/com.st.stm32cube.ide.mcu.externaltools.gnu-tools-for-stm32.13.3.rel1.win32_1.0.0.202411081344/tools/bin/../lib/gcc/arm-none-eabi/13.3.1/../../../../arm-none-eabi/lib/thumb/v6-m/nofp\libc_nano.a(libc_a-freer.o)
                0x0800ee18                _free_r
 .text.malloc   0x0800eeac       0x14 D:/Program Files (x86)/STM32CubeIDE_1.13.2/STM32CubeIDE/plugins/com.st.stm32cube.ide.mcu.externaltools.gnu-tools-for-stm32.13.3.rel1.win32_1.0.0.202411081344/tools/bin/../lib/gcc/arm-none-eabi/13.3.1/../../../../arm-none-eabi/lib/thumb/v6-m/nofp\libc_nano.a(libc_a-malloc.o)
                0x0800eeac                malloc
 .text.sbrk_aligned
                0x0800eec0       0x44 D:/Program Files (x86)/STM32CubeIDE_1.13.2/STM32CubeIDE/plugins/com.st.stm32cube.ide.mcu.externaltools.gnu-tools-for-stm32.13.3.rel1.win32_1.0.0.202411081344/tools/bin/../lib/gcc/arm-none-eabi/13.3.1/../../../../arm-none-eabi/lib/thumb/v6-m/nofp\libc_nano.a(libc_a-mallocr.o)
 .text._malloc_r
                0x0800ef04      0x100 D:/Program Files (x86)/STM32CubeIDE_1.13.2/STM32CubeIDE/plugins/com.st.stm32cube.ide.mcu.externaltools.gnu-tools-for-stm32.13.3.rel1.win32_1.0.0.202411081344/tools/bin/../lib/gcc/arm-none-eabi/13.3.1/../../../../arm-none-eabi/lib/thumb/v6-m/nofp\libc_nano.a(libc_a-mallocr.o)
                0x0800ef04                _malloc_r
 .text.__malloc_lock
                0x0800f004       0x10 D:/Program Files (x86)/STM32CubeIDE_1.13.2/STM32CubeIDE/plugins/com.st.stm32cube.ide.mcu.externaltools.gnu-tools-for-stm32.13.3.rel1.win32_1.0.0.202411081344/tools/bin/../lib/gcc/arm-none-eabi/13.3.1/../../../../arm-none-eabi/lib/thumb/v6-m/nofp\libc_nano.a(libc_a-mlock.o)
                0x0800f004                __malloc_lock
 .text.__malloc_unlock
                0x0800f014       0x10 D:/Program Files (x86)/STM32CubeIDE_1.13.2/STM32CubeIDE/plugins/com.st.stm32cube.ide.mcu.externaltools.gnu-tools-for-stm32.13.3.rel1.win32_1.0.0.202411081344/tools/bin/../lib/gcc/arm-none-eabi/13.3.1/../../../../arm-none-eabi/lib/thumb/v6-m/nofp\libc_nano.a(libc_a-mlock.o)
                0x0800f014                __malloc_unlock
 .text._Balloc  0x0800f024       0x88 D:/Program Files (x86)/STM32CubeIDE_1.13.2/STM32CubeIDE/plugins/com.st.stm32cube.ide.mcu.externaltools.gnu-tools-for-stm32.13.3.rel1.win32_1.0.0.202411081344/tools/bin/../lib/gcc/arm-none-eabi/13.3.1/../../../../arm-none-eabi/lib/thumb/v6-m/nofp\libc_nano.a(libc_a-mprec.o)
                0x0800f024                _Balloc
 .text._Bfree   0x0800f0ac       0x48 D:/Program Files (x86)/STM32CubeIDE_1.13.2/STM32CubeIDE/plugins/com.st.stm32cube.ide.mcu.externaltools.gnu-tools-for-stm32.13.3.rel1.win32_1.0.0.202411081344/tools/bin/../lib/gcc/arm-none-eabi/13.3.1/../../../../arm-none-eabi/lib/thumb/v6-m/nofp\libc_nano.a(libc_a-mprec.o)
                0x0800f0ac                _Bfree
 .text.__multadd
                0x0800f0f4       0x88 D:/Program Files (x86)/STM32CubeIDE_1.13.2/STM32CubeIDE/plugins/com.st.stm32cube.ide.mcu.externaltools.gnu-tools-for-stm32.13.3.rel1.win32_1.0.0.202411081344/tools/bin/../lib/gcc/arm-none-eabi/13.3.1/../../../../arm-none-eabi/lib/thumb/v6-m/nofp\libc_nano.a(libc_a-mprec.o)
                0x0800f0f4                __multadd
 .text.__s2b    0x0800f17c       0x98 D:/Program Files (x86)/STM32CubeIDE_1.13.2/STM32CubeIDE/plugins/com.st.stm32cube.ide.mcu.externaltools.gnu-tools-for-stm32.13.3.rel1.win32_1.0.0.202411081344/tools/bin/../lib/gcc/arm-none-eabi/13.3.1/../../../../arm-none-eabi/lib/thumb/v6-m/nofp\libc_nano.a(libc_a-mprec.o)
                0x0800f17c                __s2b
 .text.__hi0bits
                0x0800f214       0x42 D:/Program Files (x86)/STM32CubeIDE_1.13.2/STM32CubeIDE/plugins/com.st.stm32cube.ide.mcu.externaltools.gnu-tools-for-stm32.13.3.rel1.win32_1.0.0.202411081344/tools/bin/../lib/gcc/arm-none-eabi/13.3.1/../../../../arm-none-eabi/lib/thumb/v6-m/nofp\libc_nano.a(libc_a-mprec.o)
                0x0800f214                __hi0bits
 .text.__lo0bits
                0x0800f256       0x5c D:/Program Files (x86)/STM32CubeIDE_1.13.2/STM32CubeIDE/plugins/com.st.stm32cube.ide.mcu.externaltools.gnu-tools-for-stm32.13.3.rel1.win32_1.0.0.202411081344/tools/bin/../lib/gcc/arm-none-eabi/13.3.1/../../../../arm-none-eabi/lib/thumb/v6-m/nofp\libc_nano.a(libc_a-mprec.o)
                0x0800f256                __lo0bits
 *fill*         0x0800f2b2        0x2 
 .text.__i2b    0x0800f2b4       0x30 D:/Program Files (x86)/STM32CubeIDE_1.13.2/STM32CubeIDE/plugins/com.st.stm32cube.ide.mcu.externaltools.gnu-tools-for-stm32.13.3.rel1.win32_1.0.0.202411081344/tools/bin/../lib/gcc/arm-none-eabi/13.3.1/../../../../arm-none-eabi/lib/thumb/v6-m/nofp\libc_nano.a(libc_a-mprec.o)
                0x0800f2b4                __i2b
 .text.__multiply
                0x0800f2e4      0x154 D:/Program Files (x86)/STM32CubeIDE_1.13.2/STM32CubeIDE/plugins/com.st.stm32cube.ide.mcu.externaltools.gnu-tools-for-stm32.13.3.rel1.win32_1.0.0.202411081344/tools/bin/../lib/gcc/arm-none-eabi/13.3.1/../../../../arm-none-eabi/lib/thumb/v6-m/nofp\libc_nano.a(libc_a-mprec.o)
                0x0800f2e4                __multiply
 .text.__pow5mult
                0x0800f438       0xb8 D:/Program Files (x86)/STM32CubeIDE_1.13.2/STM32CubeIDE/plugins/com.st.stm32cube.ide.mcu.externaltools.gnu-tools-for-stm32.13.3.rel1.win32_1.0.0.202411081344/tools/bin/../lib/gcc/arm-none-eabi/13.3.1/../../../../arm-none-eabi/lib/thumb/v6-m/nofp\libc_nano.a(libc_a-mprec.o)
                0x0800f438                __pow5mult
 .text.__lshift
                0x0800f4f0       0xd8 D:/Program Files (x86)/STM32CubeIDE_1.13.2/STM32CubeIDE/plugins/com.st.stm32cube.ide.mcu.externaltools.gnu-tools-for-stm32.13.3.rel1.win32_1.0.0.202411081344/tools/bin/../lib/gcc/arm-none-eabi/13.3.1/../../../../arm-none-eabi/lib/thumb/v6-m/nofp\libc_nano.a(libc_a-mprec.o)
                0x0800f4f0                __lshift
 .text.__mcmp   0x0800f5c8       0x36 D:/Program Files (x86)/STM32CubeIDE_1.13.2/STM32CubeIDE/plugins/com.st.stm32cube.ide.mcu.externaltools.gnu-tools-for-stm32.13.3.rel1.win32_1.0.0.202411081344/tools/bin/../lib/gcc/arm-none-eabi/13.3.1/../../../../arm-none-eabi/lib/thumb/v6-m/nofp\libc_nano.a(libc_a-mprec.o)
                0x0800f5c8                __mcmp
 *fill*         0x0800f5fe        0x2 
 .text.__mdiff  0x0800f600      0x134 D:/Program Files (x86)/STM32CubeIDE_1.13.2/STM32CubeIDE/plugins/com.st.stm32cube.ide.mcu.externaltools.gnu-tools-for-stm32.13.3.rel1.win32_1.0.0.202411081344/tools/bin/../lib/gcc/arm-none-eabi/13.3.1/../../../../arm-none-eabi/lib/thumb/v6-m/nofp\libc_nano.a(libc_a-mprec.o)
                0x0800f600                __mdiff
 .text.__ulp    0x0800f734       0x40 D:/Program Files (x86)/STM32CubeIDE_1.13.2/STM32CubeIDE/plugins/com.st.stm32cube.ide.mcu.externaltools.gnu-tools-for-stm32.13.3.rel1.win32_1.0.0.202411081344/tools/bin/../lib/gcc/arm-none-eabi/13.3.1/../../../../arm-none-eabi/lib/thumb/v6-m/nofp\libc_nano.a(libc_a-mprec.o)
                0x0800f734                __ulp
 .text.__b2d    0x0800f774       0x98 D:/Program Files (x86)/STM32CubeIDE_1.13.2/STM32CubeIDE/plugins/com.st.stm32cube.ide.mcu.externaltools.gnu-tools-for-stm32.13.3.rel1.win32_1.0.0.202411081344/tools/bin/../lib/gcc/arm-none-eabi/13.3.1/../../../../arm-none-eabi/lib/thumb/v6-m/nofp\libc_nano.a(libc_a-mprec.o)
                0x0800f774                __b2d
 .text.__d2b    0x0800f80c       0xc0 D:/Program Files (x86)/STM32CubeIDE_1.13.2/STM32CubeIDE/plugins/com.st.stm32cube.ide.mcu.externaltools.gnu-tools-for-stm32.13.3.rel1.win32_1.0.0.202411081344/tools/bin/../lib/gcc/arm-none-eabi/13.3.1/../../../../arm-none-eabi/lib/thumb/v6-m/nofp\libc_nano.a(libc_a-mprec.o)
                0x0800f80c                __d2b
 .text.__ratio  0x0800f8cc       0x54 D:/Program Files (x86)/STM32CubeIDE_1.13.2/STM32CubeIDE/plugins/com.st.stm32cube.ide.mcu.externaltools.gnu-tools-for-stm32.13.3.rel1.win32_1.0.0.202411081344/tools/bin/../lib/gcc/arm-none-eabi/13.3.1/../../../../arm-none-eabi/lib/thumb/v6-m/nofp\libc_nano.a(libc_a-mprec.o)
                0x0800f8cc                __ratio
 .text.__copybits
                0x0800f920       0x42 D:/Program Files (x86)/STM32CubeIDE_1.13.2/STM32CubeIDE/plugins/com.st.stm32cube.ide.mcu.externaltools.gnu-tools-for-stm32.13.3.rel1.win32_1.0.0.202411081344/tools/bin/../lib/gcc/arm-none-eabi/13.3.1/../../../../arm-none-eabi/lib/thumb/v6-m/nofp\libc_nano.a(libc_a-mprec.o)
                0x0800f920                __copybits
 .text.__any_on
                0x0800f962       0x46 D:/Program Files (x86)/STM32CubeIDE_1.13.2/STM32CubeIDE/plugins/com.st.stm32cube.ide.mcu.externaltools.gnu-tools-for-stm32.13.3.rel1.win32_1.0.0.202411081344/tools/bin/../lib/gcc/arm-none-eabi/13.3.1/../../../../arm-none-eabi/lib/thumb/v6-m/nofp\libc_nano.a(libc_a-mprec.o)
                0x0800f962                __any_on
 .text.sulp     0x0800f9a8       0x30 D:/Program Files (x86)/STM32CubeIDE_1.13.2/STM32CubeIDE/plugins/com.st.stm32cube.ide.mcu.externaltools.gnu-tools-for-stm32.13.3.rel1.win32_1.0.0.202411081344/tools/bin/../lib/gcc/arm-none-eabi/13.3.1/../../../../arm-none-eabi/lib/thumb/v6-m/nofp\libc_nano.a(libc_a-strtod.o)
 .text._strtod_l
                0x0800f9d8      0xbfc D:/Program Files (x86)/STM32CubeIDE_1.13.2/STM32CubeIDE/plugins/com.st.stm32cube.ide.mcu.externaltools.gnu-tools-for-stm32.13.3.rel1.win32_1.0.0.202411081344/tools/bin/../lib/gcc/arm-none-eabi/13.3.1/../../../../arm-none-eabi/lib/thumb/v6-m/nofp\libc_nano.a(libc_a-strtod.o)
                0x0800f9d8                _strtod_l
 .text._strtod_r
                0x080105d4       0x10 D:/Program Files (x86)/STM32CubeIDE_1.13.2/STM32CubeIDE/plugins/com.st.stm32cube.ide.mcu.externaltools.gnu-tools-for-stm32.13.3.rel1.win32_1.0.0.202411081344/tools/bin/../lib/gcc/arm-none-eabi/13.3.1/../../../../arm-none-eabi/lib/thumb/v6-m/nofp\libc_nano.a(libc_a-strtod.o)
                0x080105d4                _strtod_r
 .text._strtol_l.isra.0
                0x080105e4      0x114 D:/Program Files (x86)/STM32CubeIDE_1.13.2/STM32CubeIDE/plugins/com.st.stm32cube.ide.mcu.externaltools.gnu-tools-for-stm32.13.3.rel1.win32_1.0.0.202411081344/tools/bin/../lib/gcc/arm-none-eabi/13.3.1/../../../../arm-none-eabi/lib/thumb/v6-m/nofp\libc_nano.a(libc_a-strtol.o)
 .text._strtol_r
                0x080106f8        0x8 D:/Program Files (x86)/STM32CubeIDE_1.13.2/STM32CubeIDE/plugins/com.st.stm32cube.ide.mcu.externaltools.gnu-tools-for-stm32.13.3.rel1.win32_1.0.0.202411081344/tools/bin/../lib/gcc/arm-none-eabi/13.3.1/../../../../arm-none-eabi/lib/thumb/v6-m/nofp\libc_nano.a(libc_a-strtol.o)
                0x080106f8                _strtol_r
 .text.__ssputs_r
                0x08010700       0xc0 D:/Program Files (x86)/STM32CubeIDE_1.13.2/STM32CubeIDE/plugins/com.st.stm32cube.ide.mcu.externaltools.gnu-tools-for-stm32.13.3.rel1.win32_1.0.0.202411081344/tools/bin/../lib/gcc/arm-none-eabi/13.3.1/../../../../arm-none-eabi/lib/thumb/v6-m/nofp\libc_nano.a(libc_a-nano-svfprintf.o)
                0x08010700                __ssputs_r
 .text._svfprintf_r
                0x080107c0      0x1fc D:/Program Files (x86)/STM32CubeIDE_1.13.2/STM32CubeIDE/plugins/com.st.stm32cube.ide.mcu.externaltools.gnu-tools-for-stm32.13.3.rel1.win32_1.0.0.202411081344/tools/bin/../lib/gcc/arm-none-eabi/13.3.1/../../../../arm-none-eabi/lib/thumb/v6-m/nofp\libc_nano.a(libc_a-nano-svfprintf.o)
                0x080107c0                _svfiprintf_r
                0x080107c0                _svfprintf_r
 .text.__sflush_r
                0x080109bc      0x10c D:/Program Files (x86)/STM32CubeIDE_1.13.2/STM32CubeIDE/plugins/com.st.stm32cube.ide.mcu.externaltools.gnu-tools-for-stm32.13.3.rel1.win32_1.0.0.202411081344/tools/bin/../lib/gcc/arm-none-eabi/13.3.1/../../../../arm-none-eabi/lib/thumb/v6-m/nofp\libc_nano.a(libc_a-fflush.o)
                0x080109bc                __sflush_r
 .text._fflush_r
                0x08010ac8       0x56 D:/Program Files (x86)/STM32CubeIDE_1.13.2/STM32CubeIDE/plugins/com.st.stm32cube.ide.mcu.externaltools.gnu-tools-for-stm32.13.3.rel1.win32_1.0.0.202411081344/tools/bin/../lib/gcc/arm-none-eabi/13.3.1/../../../../arm-none-eabi/lib/thumb/v6-m/nofp\libc_nano.a(libc_a-fflush.o)
                0x08010ac8                _fflush_r
 .text.memmove  0x08010b1e       0x24 D:/Program Files (x86)/STM32CubeIDE_1.13.2/STM32CubeIDE/plugins/com.st.stm32cube.ide.mcu.externaltools.gnu-tools-for-stm32.13.3.rel1.win32_1.0.0.202411081344/tools/bin/../lib/gcc/arm-none-eabi/13.3.1/../../../../arm-none-eabi/lib/thumb/v6-m/nofp\libc_nano.a(libc_a-memmove.o)
                0x08010b1e                memmove
 .text.strncmp  0x08010b42       0x22 D:/Program Files (x86)/STM32CubeIDE_1.13.2/STM32CubeIDE/plugins/com.st.stm32cube.ide.mcu.externaltools.gnu-tools-for-stm32.13.3.rel1.win32_1.0.0.202411081344/tools/bin/../lib/gcc/arm-none-eabi/13.3.1/../../../../arm-none-eabi/lib/thumb/v6-m/nofp\libc_nano.a(libc_a-strncmp.o)
                0x08010b42                strncmp
 .text._sbrk_r  0x08010b64       0x24 D:/Program Files (x86)/STM32CubeIDE_1.13.2/STM32CubeIDE/plugins/com.st.stm32cube.ide.mcu.externaltools.gnu-tools-for-stm32.13.3.rel1.win32_1.0.0.202411081344/tools/bin/../lib/gcc/arm-none-eabi/13.3.1/../../../../arm-none-eabi/lib/thumb/v6-m/nofp\libc_nano.a(libc_a-sbrkr.o)
                0x08010b64                _sbrk_r
 .text.nan      0x08010b88        0xc D:/Program Files (x86)/STM32CubeIDE_1.13.2/STM32CubeIDE/plugins/com.st.stm32cube.ide.mcu.externaltools.gnu-tools-for-stm32.13.3.rel1.win32_1.0.0.202411081344/tools/bin/../lib/gcc/arm-none-eabi/13.3.1/../../../../arm-none-eabi/lib/thumb/v6-m/nofp\libc_nano.a(libm_a-s_nan.o)
                0x08010b88                nan
 .text.__assert_func
                0x08010b94       0x3c D:/Program Files (x86)/STM32CubeIDE_1.13.2/STM32CubeIDE/plugins/com.st.stm32cube.ide.mcu.externaltools.gnu-tools-for-stm32.13.3.rel1.win32_1.0.0.202411081344/tools/bin/../lib/gcc/arm-none-eabi/13.3.1/../../../../arm-none-eabi/lib/thumb/v6-m/nofp\libc_nano.a(libc_a-assert.o)
                0x08010b94                __assert_func
 .text._calloc_r
                0x08010bd0       0x5a D:/Program Files (x86)/STM32CubeIDE_1.13.2/STM32CubeIDE/plugins/com.st.stm32cube.ide.mcu.externaltools.gnu-tools-for-stm32.13.3.rel1.win32_1.0.0.202411081344/tools/bin/../lib/gcc/arm-none-eabi/13.3.1/../../../../arm-none-eabi/lib/thumb/v6-m/nofp\libc_nano.a(libc_a-callocr.o)
                0x08010bd0                _calloc_r
 .text.rshift   0x08010c2a       0xa6 D:/Program Files (x86)/STM32CubeIDE_1.13.2/STM32CubeIDE/plugins/com.st.stm32cube.ide.mcu.externaltools.gnu-tools-for-stm32.13.3.rel1.win32_1.0.0.202411081344/tools/bin/../lib/gcc/arm-none-eabi/13.3.1/../../../../arm-none-eabi/lib/thumb/v6-m/nofp\libc_nano.a(libc_a-gdtoa-gethex.o)
 .text.__hexdig_fun
                0x08010cd0       0x2a D:/Program Files (x86)/STM32CubeIDE_1.13.2/STM32CubeIDE/plugins/com.st.stm32cube.ide.mcu.externaltools.gnu-tools-for-stm32.13.3.rel1.win32_1.0.0.202411081344/tools/bin/../lib/gcc/arm-none-eabi/13.3.1/../../../../arm-none-eabi/lib/thumb/v6-m/nofp\libc_nano.a(libc_a-gdtoa-gethex.o)
                0x08010cd0                __hexdig_fun
 *fill*         0x08010cfa        0x2 
 .text.__gethex
                0x08010cfc      0x448 D:/Program Files (x86)/STM32CubeIDE_1.13.2/STM32CubeIDE/plugins/com.st.stm32cube.ide.mcu.externaltools.gnu-tools-for-stm32.13.3.rel1.win32_1.0.0.202411081344/tools/bin/../lib/gcc/arm-none-eabi/13.3.1/../../../../arm-none-eabi/lib/thumb/v6-m/nofp\libc_nano.a(libc_a-gdtoa-gethex.o)
                0x08010cfc                __gethex
 .text.L_shift  0x08011144       0x24 D:/Program Files (x86)/STM32CubeIDE_1.13.2/STM32CubeIDE/plugins/com.st.stm32cube.ide.mcu.externaltools.gnu-tools-for-stm32.13.3.rel1.win32_1.0.0.202411081344/tools/bin/../lib/gcc/arm-none-eabi/13.3.1/../../../../arm-none-eabi/lib/thumb/v6-m/nofp\libc_nano.a(libc_a-gdtoa-hexnan.o)
 .text.__match  0x08011168       0x28 D:/Program Files (x86)/STM32CubeIDE_1.13.2/STM32CubeIDE/plugins/com.st.stm32cube.ide.mcu.externaltools.gnu-tools-for-stm32.13.3.rel1.win32_1.0.0.202411081344/tools/bin/../lib/gcc/arm-none-eabi/13.3.1/../../../../arm-none-eabi/lib/thumb/v6-m/nofp\libc_nano.a(libc_a-gdtoa-hexnan.o)
                0x08011168                __match
 .text.__hexnan
                0x08011190      0x150 D:/Program Files (x86)/STM32CubeIDE_1.13.2/STM32CubeIDE/plugins/com.st.stm32cube.ide.mcu.externaltools.gnu-tools-for-stm32.13.3.rel1.win32_1.0.0.202411081344/tools/bin/../lib/gcc/arm-none-eabi/13.3.1/../../../../arm-none-eabi/lib/thumb/v6-m/nofp\libc_nano.a(libc_a-gdtoa-hexnan.o)
                0x08011190                __hexnan
 .text.__ascii_mbtowc
                0x080112e0       0x24 D:/Program Files (x86)/STM32CubeIDE_1.13.2/STM32CubeIDE/plugins/com.st.stm32cube.ide.mcu.externaltools.gnu-tools-for-stm32.13.3.rel1.win32_1.0.0.202411081344/tools/bin/../lib/gcc/arm-none-eabi/13.3.1/../../../../arm-none-eabi/lib/thumb/v6-m/nofp\libc_nano.a(libc_a-mbtowc_r.o)
                0x080112e0                __ascii_mbtowc
 .text._realloc_r
                0x08011304       0x60 D:/Program Files (x86)/STM32CubeIDE_1.13.2/STM32CubeIDE/plugins/com.st.stm32cube.ide.mcu.externaltools.gnu-tools-for-stm32.13.3.rel1.win32_1.0.0.202411081344/tools/bin/../lib/gcc/arm-none-eabi/13.3.1/../../../../arm-none-eabi/lib/thumb/v6-m/nofp\libc_nano.a(libc_a-reallocr.o)
                0x08011304                _realloc_r
 .text.__ascii_wctomb
                0x08011364       0x1a D:/Program Files (x86)/STM32CubeIDE_1.13.2/STM32CubeIDE/plugins/com.st.stm32cube.ide.mcu.externaltools.gnu-tools-for-stm32.13.3.rel1.win32_1.0.0.202411081344/tools/bin/../lib/gcc/arm-none-eabi/13.3.1/../../../../arm-none-eabi/lib/thumb/v6-m/nofp\libc_nano.a(libc_a-wctomb_r.o)
                0x08011364                __ascii_wctomb
 *fill*         0x0801137e        0x2 
 .text.fprintf  0x08011380       0x20 D:/Program Files (x86)/STM32CubeIDE_1.13.2/STM32CubeIDE/plugins/com.st.stm32cube.ide.mcu.externaltools.gnu-tools-for-stm32.13.3.rel1.win32_1.0.0.202411081344/tools/bin/../lib/gcc/arm-none-eabi/13.3.1/../../../../arm-none-eabi/lib/thumb/v6-m/nofp\libc_nano.a(libc_a-fprintf.o)
                0x08011380                fiprintf
                0x08011380                fprintf
 .text.abort    0x080113a0        0xe D:/Program Files (x86)/STM32CubeIDE_1.13.2/STM32CubeIDE/plugins/com.st.stm32cube.ide.mcu.externaltools.gnu-tools-for-stm32.13.3.rel1.win32_1.0.0.202411081344/tools/bin/../lib/gcc/arm-none-eabi/13.3.1/../../../../arm-none-eabi/lib/thumb/v6-m/nofp\libc_nano.a(libc_a-abort.o)
                0x080113a0                abort
 .text._malloc_usable_size_r
                0x080113ae       0x10 D:/Program Files (x86)/STM32CubeIDE_1.13.2/STM32CubeIDE/plugins/com.st.stm32cube.ide.mcu.externaltools.gnu-tools-for-stm32.13.3.rel1.win32_1.0.0.202411081344/tools/bin/../lib/gcc/arm-none-eabi/13.3.1/../../../../arm-none-eabi/lib/thumb/v6-m/nofp\libc_nano.a(libc_a-msizer.o)
                0x080113ae                _malloc_usable_size_r
 .text.__sfputc_r
                0x080113be       0x2a D:/Program Files (x86)/STM32CubeIDE_1.13.2/STM32CubeIDE/plugins/com.st.stm32cube.ide.mcu.externaltools.gnu-tools-for-stm32.13.3.rel1.win32_1.0.0.202411081344/tools/bin/../lib/gcc/arm-none-eabi/13.3.1/../../../../arm-none-eabi/lib/thumb/v6-m/nofp\libc_nano.a(libc_a-nano-vfprintf.o)
 .text.__sfputs_r