../Core/Src/app_freertos.c:253:6:MX_FREERTOS_Init	24	static
../Core/Src/app_freertos.c:352:6:StartDefaultTask	16	static
../Core/Src/app_freertos.c:370:6:Temp_Task	192	static
../Core/Src/app_freertos.c:466:6:Heat_Task	224	static
../Core/Src/app_freertos.c:619:6:Power_Task	16	static
../Core/Src/app_freertos.c:660:6:UI_Task	136	static
../Core/Src/app_freertos.c:885:6:Key_Task	48	static
../Core/Src/app_freertos.c:1118:6:Save_Task	120	static
../Core/Src/app_freertos.c:1169:6:Beep_Task	16	static
../Core/Src/app_freertos.c:1198:6:UART_Print_Task	152	static
../Core/Src/app_freertos.c:1223:6:Fault_detector_Task	96	static
../Core/Src/app_freertos.c:1336:7:Temp_Filter	24	static
../Core/Src/app_freertos.c:1365:6:Convert_Float_To_Segments_Formatted	56	static
../Core/Src/app_freertos.c:1447:13:FloatToSegments	40	static
../Core/Src/app_freertos.c:1511:12:PID_LoadFromEEPROM	48	static
../Core/Src/app_freertos.c:1535:8:read_temp_impl	16	static
../Core/Src/app_freertos.c:1545:7:set_heater_impl	16	static
../Core/Src/app_freertos.c:1558:7:HAL_UART_RxCpltCallback	16	static
