../Core/Src/app_freertos.c:253:6:MX_FREERTOS_Init	24	static
../Core/Src/app_freertos.c:354:6:StartDefaultTask	16	static
../Core/Src/app_freertos.c:372:6:Temp_Task	192	static
../Core/Src/app_freertos.c:468:6:Heat_Task	224	static
../Core/Src/app_freertos.c:652:6:Power_Task	16	static
../Core/Src/app_freertos.c:693:6:UI_Task	128	static
../Core/Src/app_freertos.c:918:6:Key_Task	48	static
../Core/Src/app_freertos.c:1154:6:Save_Task	120	static
../Core/Src/app_freertos.c:1205:6:Beep_Task	16	static
../Core/Src/app_freertos.c:1234:6:UART_Print_Task	152	static
../Core/Src/app_freertos.c:1259:6:Fault_detector_Task	96	static
../Core/Src/app_freertos.c:1372:7:Temp_Filter	24	static
../Core/Src/app_freertos.c:1401:6:Convert_Float_To_Segments_Formatted	56	static
../Core/Src/app_freertos.c:1483:13:FloatToSegments	40	static
../Core/Src/app_freertos.c:1547:12:PID_LoadFromEEPROM	48	static
../Core/Src/app_freertos.c:1571:8:read_temp_impl	16	static
../Core/Src/app_freertos.c:1581:7:set_heater_impl	16	static
../Core/Src/app_freertos.c:1594:7:HAL_UART_RxCpltCallback	16	static
