../Core/Src/bsp_hlw8032.c:28:17:Extract_24bit	24	static
../Core/Src/bsp_hlw8032.c:41:12:HLW8032_CheckSum	24	static
../Core/Src/bsp_hlw8032.c:63:13:HLW8032_Calculate	40	static
../Core/Src/bsp_hlw8032.c:96:12:HLW8032_ExtractAndParse	16	static
../Core/Src/bsp_hlw8032.c:126:6:HLW8032_Init	16	static
../Core/Src/bsp_hlw8032.c:143:6:HLW8032_StartReceive	8	static
../Core/Src/bsp_hlw8032.c:159:6:HLW8032_ProcessAndStore	56	static
../Core/Src/bsp_hlw8032.c:177:17:HLW8032_GetData	24	static
../Core/Src/bsp_hlw8032.c:192:6:HLW8032_RxCplt	32	static
